Reusing configuration cache.
> Task :cacheVersionManifest1.21.1 UP-TO-DATE
> Task :neoFormListLibraries UP-TO-DATE
> Task :cacheVersionExecutableClient1.21.1 UP-TO-DATE
> Task :cacheVersionMappingsClient1.21.1 UP-TO-DATE
> Task :cacheVersionExecutableServer1.21.1 UP-TO-DATE
> Task :neoFormStripClient UP-TO-DATE
> Task :cacheVersionExtractedServer1.21.1 UP-TO-DATE
> Task :neoFormMergeMappings UP-TO-DATE
> Task :neoFormStripServer UP-TO-DATE
> Task :create1.21.1ClientExtraJar UP-TO-DATE
> Task :selectRawArtifactNg_dummy_ng.net.minecraft_client_1.21.1_client-extra UP-TO-DATE
> Task :neoFormMerge UP-TO-DATE
> Task :neoFormListTransformLibraries UP-TO-DATE
> Task :neoFormRename UP-TO-DATE
> Task :processResources UP-TO-DATE
> Task :neoFormJoined1.21.1-20240808.144430DownloadAssets UP-TO-DATE
> Task :neoFormJoined1.21.1-20240808.144430ExtractNatives UP-TO-DATE
> Task :neoFormDecompile UP-TO-DATE
> Task :neoFormInject UP-TO-DATE
> Task :neoFormPatch UP-TO-DATE
> Task :neoFormPatchUserDev UP-TO-DATE
> Task :neoFormTransformSource UP-TO-DATE
> Task :neoFormRecompile UP-TO-DATE
> Task :supplyRawJarForneoFormJoined1.21.1-20240808.144430 UP-TO-DATE
> Task :selectRawArtifactNg_dummy_ng.net.neoforged_neoforge_21.1.235 UP-TO-DATE
> Task :writeMinecraftClasspathClient UP-TO-DATE
> Task :compileJava UP-TO-DATE
> Task :classes UP-TO-DATE

> Task :runClient
ERROR StatusConsoleListener Unable to delete file %USERPROFILE%\Documents\Packwork\run\client\logs\latest.log: java.nio.file.FileSystemException %USERPROFILE%\Documents\Packwork\run\client\logs\latest.log: The process cannot access the file because it is being used by another process
ERROR StatusConsoleListener Unable to delete file %USERPROFILE%\Documents\Packwork\run\client\logs\debug.log: java.nio.file.FileSystemException %USERPROFILE%\Documents\Packwork\run\client\logs\debug.log: The process cannot access the file because it is being used by another process
[15:51:05.836] [main/INFO] [Launcher/MODLAUNCHER]: ModLauncher running: args [--launchTarget, forgeclientdev, --version, 21.1.235, --assetIndex, asset-index, --assetsDir, %USERPROFILE%\.gradle\caches\minecraft\assets, --gameDir, ., --fml.fmlVersion, 4.0.42, --fml.mcVersion, 1.21.1, --fml.neoForgeVersion, 21.1.235, --fml.neoFormVersion, 20240808.144430] 
[15:51:05.843] [main/INFO] [Launcher/MODLAUNCHER]: JVM identified as Oracle Corporation Java HotSpot(TM) 64-Bit Server VM 21.0.11+9-LTS-211 
[15:51:05.845] [main/INFO] [Launcher/MODLAUNCHER]: ModLauncher 11.0.5+main.901c6ea8 starting: java version 21.0.11 by Oracle Corporation; OS Windows 11 arch amd64 version 10.0 
[15:51:06.050] [main/INFO] [loading.ImmediateWindowHandler/]: Loading ImmediateWindowProvider fmlearlywindow 
[15:51:06.261] [main/INFO] [EARLYDISPLAY/]: Trying GL version 4.6 
[15:51:06.576] [main/INFO] [EARLYDISPLAY/]: Requested GL version 4.6 got version 4.6 
[15:51:06.741] [main/INFO] [mixin/]: SpongePowered MIXIN Subsystem Version=0.8.7 Source=union:/%USERPROFILE%/.gradle/caches/modules-2/files-2.1/net.fabricmc/sponge-mixin/0.15.2+mixin.0.8.7/2af2f021d8e02a0220dc27a7a72b4666d66d44ca/sponge-mixin-0.15.2+mixin.0.8.7.jar%23142!/ Service=ModLauncher Env=CLIENT 
[15:51:07.021] [main/INFO] [loading.moddiscovery.ModDiscoverer/SCAN]: Found mod file "neoforge-21.1.235.jar" [locator: neoforge devenv provider ([%USERPROFILE%\Documents\Packwork\.gradle\repositories\ng_dummy_ng\net\neoforged\neoforge\21.1.235\neoforge-21.1.235.jar])] 
[15:51:07.066] [main/INFO] [loading.moddiscovery.ModDiscoverer/SCAN]: Found mod file "neoforge-21.1.235.jar" [locator: neoforge devenv provider ([%USERPROFILE%\Documents\Packwork\.gradle\repositories\ng_dummy_ng\net\neoforged\neoforge\21.1.235\neoforge-21.1.235.jar])] 
[15:51:07.089] [main/INFO] [loading.moddiscovery.ModDiscoverer/SCAN]: Found mod file "main" [locator: userdev mods and services, reader: mod manifest] 
[15:51:07.111] [main/INFO] [loading.moddiscovery.ModDiscoverer/SCAN]: Found mod file "neoforge-21.1.235.jar" [locator: userdev mods and services, reader: mod manifest] 
[15:51:07.125] [pool-2-thread-1/INFO] [EARLYDISPLAY/]: GL info: NVIDIA GeForce RTX 2080/PCIe/SSE2 GL version 4.6.0 NVIDIA 610.74, NVIDIA Corporation 
[15:51:07.606] [main/INFO] [loading.moddiscovery.ModDiscoverer/SCAN]: Found gamelibrary file "mixinextras-neoforge-0.5.3.jar" [locator: userdev mods and services, reader: mod manifest] 
[15:51:08.006] [main/WARN] [selection.JarSelector/]: Attempted to select a dependency jar for JarJar which was passed in as source: library:mixinextras.neoforge. Using Mod File: %USERPROFILE%\.gradle\caches\modules-2\files-2.1\io.github.llamalad7\mixinextras-neoforge\0.5.3\a0919957808de97707c5fb4ce073e66aeef3e187\mixinextras-neoforge-0.5.3.jar 
[15:51:08.012] [main/INFO] [loading.moddiscovery.locators.JarInJarDependencyLocator/]: Found 1 dependencies adding them to mods collection 
[15:51:08.019] [main/INFO] [loading.moddiscovery.ModDiscoverer/SCAN]: Found library file "net.neoforged.neoforge-coremods-21.1.235.jar" [parent: neoforge-21.1.235.jar, locator: jarinjar, reader: mod manifest] 
[15:51:08.027] [main/INFO] [loading.moddiscovery.ModDiscoverer/]: 
     Mod List:
		Name Version (Mod Id)

		Minecraft 1.21.1 (minecraft)
		NeoForge 21.1.235 (neoforge)
		Packwork 0.1.0 (packwork) 
[15:51:10.446] [main/INFO] [LaunchServiceHandler/MODLAUNCHER]: Launching target 'forgeclientdev' with arguments [--version, 21.1.235, --gameDir, ., --assetsDir, %USERPROFILE%\.gradle\caches\minecraft\assets, --assetIndex, asset-index] 
WARN StatusConsoleListener Advanced terminal features are not available in this environment
[15:51:12] [main/DEBUG] [io.ne.ut.in.lo.InternalLoggerFactory/]: Using SLF4J as the default logging framework
[15:51:12] [main/DEBUG] [io.ne.ut.ResourceLeakDetector/]: -Dio.netty.leakDetection.level: simple
[15:51:12] [main/DEBUG] [io.ne.ut.ResourceLeakDetector/]: -Dio.netty.leakDetection.targetRecords: 4
[15:51:14] [main/DEBUG] [os.ut.FileUtil/]: No oshi.properties file found from ClassLoader cpw.mods.modlauncher.TransformingClassLoader@6a0ac48e
[15:51:14] [Datafixer Bootstrap/INFO] [mojang/DataFixerBuilder]: 229 Datafixer optimizations took 346 milliseconds
[15:51:14] [main/DEBUG] [os.ut.FileUtil/]: No oshi.architecture.properties file found from ClassLoader cpw.mods.modlauncher.TransformingClassLoader@6a0ac48e
[15:51:14] [pool-7-thread-1/INFO] [MixinExtras|Service/]: Initializing MixinExtras via com.llamalad7.mixinextras.service.MixinExtrasServiceImpl(version=0.5.3).
[15:51:14] [pool-7-thread-1/DEBUG] [mixin/]: Registering new injector for @SugarWrapper with com.llamalad7.mixinextras.sugar.impl.SugarWrapperInjectionInfo
[15:51:14] [pool-7-thread-1/DEBUG] [mixin/]: Registering new injector for @FactoryRedirectWrapper with com.llamalad7.mixinextras.wrapper.factory.FactoryRedirectWrapperInjectionInfo
[15:51:14] [pool-7-thread-1/DEBUG] [mixin/]: Registering new injector for @ExpressionInjectorWrapper with com.llamalad7.mixinextras.expression.impl.wrapper.ExpressionInjectorWrapperInjectionInfo
[15:51:14] [pool-7-thread-1/DEBUG] [mixin/]: Mixing MappedRegistryAccessor from neoforge.mixins.json into net.minecraft.core.MappedRegistry
[15:51:14] [pool-7-thread-1/DEBUG] [mixin/]: neoforge.mixins.json:MappedRegistryAccessor from mod neoforge: Class version 65 required is higher than the class version supported by the current version of Mixin (JAVA_16 supports class version 60)
[15:51:15] [pool-7-thread-1/DEBUG] [mixin/]: Mixing BlockEntityTypeAccessor from neoforge.mixins.json into net.minecraft.world.level.block.entity.BlockEntityType
[15:51:15] [pool-7-thread-1/DEBUG] [mixin/]: neoforge.mixins.json:BlockEntityTypeAccessor from mod neoforge: Class version 65 required is higher than the class version supported by the current version of Mixin (JAVA_16 supports class version 60)
[15:51:17] [pool-7-thread-1/DEBUG] [io.ne.ut.in.PlatformDependent0/]: -Dio.netty.noUnsafe: false
[15:51:17] [pool-7-thread-1/DEBUG] [io.ne.ut.in.PlatformDependent0/]: Java version: 21
[15:51:17] [pool-7-thread-1/DEBUG] [io.ne.ut.in.PlatformDependent0/]: sun.misc.Unsafe.theUnsafe: available
[15:51:17] [pool-7-thread-1/DEBUG] [io.ne.ut.in.PlatformDependent0/]: sun.misc.Unsafe.copyMemory: available
[15:51:17] [pool-7-thread-1/DEBUG] [io.ne.ut.in.PlatformDependent0/]: sun.misc.Unsafe.storeFence: available
[15:51:17] [pool-7-thread-1/DEBUG] [io.ne.ut.in.PlatformDependent0/]: java.nio.Buffer.address: available
[15:51:17] [pool-7-thread-1/DEBUG] [io.ne.ut.in.PlatformDependent0/]: java.nio.Bits.unaligned: available, true
[15:51:17] [pool-7-thread-1/DEBUG] [io.ne.ut.in.PlatformDependent0/]: java.nio.DirectByteBuffer.<init>(long, {int,long}): unavailable
[15:51:17] [pool-7-thread-1/DEBUG] [io.ne.ut.in.PlatformDependent/]: sun.misc.Unsafe: available
[15:51:17] [pool-7-thread-1/DEBUG] [io.ne.ut.in.PlatformDependent/]: maxDirectMemory: 8568963072 bytes (maybe)
[15:51:17] [pool-7-thread-1/DEBUG] [io.ne.ut.in.PlatformDependent/]: -Dio.netty.tmpdir: %USERPROFILE%\AppData\Local\Temp (java.io.tmpdir)
[15:51:17] [pool-7-thread-1/DEBUG] [io.ne.ut.in.PlatformDependent/]: -Dio.netty.bitMode: 64 (sun.arch.data.model)
[15:51:17] [pool-7-thread-1/DEBUG] [io.ne.ut.in.PlatformDependent/]: Platform: Windows
[15:51:17] [pool-7-thread-1/DEBUG] [io.ne.ut.in.PlatformDependent/]: -Dio.netty.maxDirectMemory: -1 bytes
[15:51:17] [pool-7-thread-1/DEBUG] [io.ne.ut.in.PlatformDependent/]: -Dio.netty.uninitializedArrayAllocationThreshold: -1
[15:51:17] [pool-7-thread-1/DEBUG] [io.ne.ut.in.CleanerJava9/]: java.nio.ByteBuffer.cleaner(): available
[15:51:17] [pool-7-thread-1/DEBUG] [io.ne.ut.in.PlatformDependent/]: -Dio.netty.noPreferDirect: false
[15:51:20] [pool-7-thread-1/DEBUG] [ne.ne.ne.re.GameData/REGISTRIES]: Creating vanilla freeze snapshot
[15:51:20] [pool-7-thread-1/DEBUG] [ne.ne.ne.re.GameData/REGISTRIES]: Vanilla freeze snapshot created
[15:51:20] [main/WARN] [minecraft/Commands]: Ambiguity between arguments [teleport, location] and [teleport, destination] with inputs: [0.1 -0.5 .9, 0 0 0]
[15:51:20] [main/WARN] [minecraft/Commands]: Ambiguity between arguments [teleport, location] and [teleport, targets] with inputs: [0.1 -0.5 .9, 0 0 0]
[15:51:20] [main/WARN] [minecraft/Commands]: Ambiguity between arguments [teleport, destination] and [teleport, targets] with inputs: [Player, 0123, @e, dd12be42-52a9-4a91-a8a1-11c01849e498]
[15:51:20] [main/WARN] [minecraft/Commands]: Ambiguity between arguments [teleport, targets] and [teleport, destination] with inputs: [Player, 0123, dd12be42-52a9-4a91-a8a1-11c01849e498]
[15:51:20] [main/WARN] [minecraft/Commands]: Ambiguity between arguments [teleport, targets, location] and [teleport, targets, destination] with inputs: [0.1 -0.5 .9, 0 0 0]
[15:51:20] [Render thread/WARN] [minecraft/VanillaPackResourcesBuilder]: Assets URL 'union:/%USERPROFILE%/Documents/Packwork/.gradle/repositories/ng_dummy_ng/net/neoforged/neoforge/21.1.235/neoforge-21.1.235.jar%23195!/assets/.mcassetsroot' uses unexpected schema
[15:51:20] [Render thread/WARN] [minecraft/VanillaPackResourcesBuilder]: Assets URL 'union:/%USERPROFILE%/Documents/Packwork/.gradle/repositories/ng_dummy_ng/net/neoforged/neoforge/21.1.235/neoforge-21.1.235.jar%23195!/data/.mcassetsroot' uses unexpected schema
[15:51:21] [Render thread/INFO] [mojang/YggdrasilAuthenticationService]: Environment: Environment[sessionHost=https://sessionserver.mojang.com, servicesHost=https://api.minecraftservices.com, name=PROD]
[15:51:21] [Render thread/INFO] [minecraft/Minecraft]: Setting user: Dev
[15:51:21] [Render thread/INFO] [minecraft/Minecraft]: Backend library: LWJGL version 3.3.3+5
[15:51:21] [Render thread/DEBUG] [ne.ne.fm.ModWorkManager/LOADING]: Using 16 threads for parallel mod-loading
[15:51:21] [Render thread/DEBUG] [ne.ne.fm.ja.FMLModContainer/LOADING]: Creating FMLModContainer instance for [com.sappersquad.packwork.Packwork]
[15:51:21] [Render thread/DEBUG] [ne.ne.fm.ja.FMLModContainer/LOADING]: Creating FMLModContainer instance for [net.neoforged.neoforge.common.NeoForgeMod, net.neoforged.neoforge.client.ClientNeoForgeMod]
[15:51:21] [modloading-worker-0/DEBUG] [ne.ne.ne.in.ve.ne.NeoForgeVersion/CORE]: Found NeoForge version 21.1.235
[15:51:21] [modloading-worker-0/DEBUG] [ne.ne.ne.in.ve.ne.NeoForgeVersion/CORE]: Found FML version 4.0.42
[15:51:21] [modloading-worker-0/INFO] [ne.ne.ne.co.NeoForgeMod/NEOFORGE-MOD]: NeoForge mod loading, version 21.1.235, for MC 1.21.1
[15:51:21] [modloading-worker-0/INFO] [co.sa.pa.Packwork/]: Packwork slung over one shoulder.
[15:51:21] [modloading-worker-0/DEBUG] [ne.ne.fm.ja.AutomaticEventSubscriber/LOADING]: Attempting to inject @EventBusSubscriber classes into the eventbus for packwork
[15:51:21] [modloading-worker-0/DEBUG] [ne.ne.fm.ja.AutomaticEventSubscriber/LOADING]: Scanning class com.sappersquad.packwork.client.ClientSetup for @SubscribeEvent-annotated methods
[15:51:21] [modloading-worker-0/DEBUG] [ne.ne.fm.ja.AutomaticEventSubscriber/]: Subscribing @EventBusSubscriber class Lcom/sappersquad/packwork/client/ClientSetup; to the mod event bus of mod packwork
[15:51:21] [modloading-worker-0/DEBUG] [ne.ne.fm.ja.AutomaticEventSubscriber/LOADING]: Scanning class com.sappersquad.packwork.client.DevAutoShot for @SubscribeEvent-annotated methods
[15:51:21] [modloading-worker-0/DEBUG] [ne.ne.fm.ja.AutomaticEventSubscriber/]: Subscribing @EventBusSubscriber class Lcom/sappersquad/packwork/client/DevAutoShot; to the game event bus
[15:51:21] [modloading-worker-0/DEBUG] [ne.ne.fm.co.ConfigTracker/CONFIG]: Config file neoforge-client.toml for neoforge tracking
[15:51:21] [modloading-worker-0/DEBUG] [ne.ne.fm.co.ConfigTracker/CONFIG]: Config file neoforge-server.toml for neoforge tracking
[15:51:21] [modloading-worker-0/DEBUG] [ne.ne.fm.co.ConfigTracker/CONFIG]: Config file neoforge-common.toml for neoforge tracking
[15:51:21] [modloading-worker-0/DEBUG] [ne.ne.fm.ja.AutomaticEventSubscriber/LOADING]: Attempting to inject @EventBusSubscriber classes into the eventbus for neoforge
[15:51:21] [modloading-worker-0/DEBUG] [ne.ne.fm.ja.AutomaticEventSubscriber/LOADING]: Scanning class net.neoforged.neoforge.server.command.ConfigCommand for @SubscribeEvent-annotated methods
[15:51:21] [modloading-worker-0/DEBUG] [ne.ne.fm.ja.AutomaticEventSubscriber/]: Subscribing @EventBusSubscriber class Lnet/neoforged/neoforge/server/command/ConfigCommand; to the game event bus
[15:51:21] [modloading-worker-0/DEBUG] [ne.ne.fm.ja.AutomaticEventSubscriber/LOADING]: Scanning class net.neoforged.neoforge.network.NetworkInitialization for @SubscribeEvent-annotated methods
[15:51:21] [modloading-worker-0/DEBUG] [ne.ne.fm.ja.AutomaticEventSubscriber/]: Subscribing @EventBusSubscriber class Lnet/neoforged/neoforge/network/NetworkInitialization; to the mod event bus of mod neoforge
[15:51:21] [modloading-worker-0/DEBUG] [ne.ne.fm.ja.AutomaticEventSubscriber/LOADING]: Scanning class net.neoforged.neoforge.network.filters.GenericPacketSplitter for @SubscribeEvent-annotated methods
[15:51:21] [modloading-worker-0/DEBUG] [io.ne.bu.AbstractByteBuf/]: -Dio.netty.buffer.checkAccessible: true
[15:51:21] [modloading-worker-0/DEBUG] [io.ne.bu.AbstractByteBuf/]: -Dio.netty.buffer.checkBounds: true
[15:51:21] [modloading-worker-0/DEBUG] [io.ne.ut.ResourceLeakDetectorFactory/]: Loaded default ResourceLeakDetector: io.netty.util.ResourceLeakDetector@337b8a10
[15:51:21] [modloading-worker-0/DEBUG] [io.ne.ut.in.InternalThreadLocalMap/]: -Dio.netty.threadLocalMap.stringBuilder.initialSize: 1024
[15:51:21] [modloading-worker-0/DEBUG] [io.ne.ut.in.InternalThreadLocalMap/]: -Dio.netty.threadLocalMap.stringBuilder.maxSize: 4096
[15:51:21] [modloading-worker-0/DEBUG] [io.ne.bu.PooledByteBufAllocator/]: -Dio.netty.allocator.numHeapArenas: 32
[15:51:21] [modloading-worker-0/DEBUG] [io.ne.bu.PooledByteBufAllocator/]: -Dio.netty.allocator.numDirectArenas: 32
[15:51:21] [modloading-worker-0/DEBUG] [io.ne.bu.PooledByteBufAllocator/]: -Dio.netty.allocator.pageSize: 8192
[15:51:21] [modloading-worker-0/DEBUG] [io.ne.bu.PooledByteBufAllocator/]: -Dio.netty.allocator.maxOrder: 9
[15:51:21] [modloading-worker-0/DEBUG] [io.ne.bu.PooledByteBufAllocator/]: -Dio.netty.allocator.chunkSize: 4194304
[15:51:21] [modloading-worker-0/DEBUG] [io.ne.bu.PooledByteBufAllocator/]: -Dio.netty.allocator.smallCacheSize: 256
[15:51:21] [modloading-worker-0/DEBUG] [io.ne.bu.PooledByteBufAllocator/]: -Dio.netty.allocator.normalCacheSize: 64
[15:51:21] [modloading-worker-0/DEBUG] [io.ne.bu.PooledByteBufAllocator/]: -Dio.netty.allocator.maxCachedBufferCapacity: 32768
[15:51:21] [modloading-worker-0/DEBUG] [io.ne.bu.PooledByteBufAllocator/]: -Dio.netty.allocator.cacheTrimInterval: 8192
[15:51:21] [modloading-worker-0/DEBUG] [io.ne.bu.PooledByteBufAllocator/]: -Dio.netty.allocator.cacheTrimIntervalMillis: 0
[15:51:21] [modloading-worker-0/DEBUG] [io.ne.bu.PooledByteBufAllocator/]: -Dio.netty.allocator.useCacheForAllThreads: false
[15:51:21] [modloading-worker-0/DEBUG] [io.ne.bu.PooledByteBufAllocator/]: -Dio.netty.allocator.maxCachedByteBuffersPerChunk: 1023
[15:51:21] [modloading-worker-0/DEBUG] [io.ne.bu.ByteBufUtil/]: -Dio.netty.allocator.type: pooled
[15:51:21] [modloading-worker-0/DEBUG] [io.ne.bu.ByteBufUtil/]: -Dio.netty.threadLocalDirectBufferSize: 0
[15:51:21] [modloading-worker-0/DEBUG] [io.ne.bu.ByteBufUtil/]: -Dio.netty.maxThreadLocalCharBufferSize: 16384
[15:51:21] [modloading-worker-0/DEBUG] [ne.ne.fm.ja.AutomaticEventSubscriber/]: Subscribing @EventBusSubscriber class Lnet/neoforged/neoforge/network/filters/GenericPacketSplitter; to the mod event bus of mod neoforge
[15:51:21] [modloading-worker-0/DEBUG] [ne.ne.fm.ja.AutomaticEventSubscriber/LOADING]: Scanning class net.neoforged.neoforge.network.ConfigurationInitialization for @SubscribeEvent-annotated methods
[15:51:21] [modloading-worker-0/DEBUG] [ne.ne.fm.ja.AutomaticEventSubscriber/]: Subscribing @EventBusSubscriber class Lnet/neoforged/neoforge/network/ConfigurationInitialization; to the mod event bus of mod neoforge
[15:51:21] [modloading-worker-0/DEBUG] [ne.ne.fm.ja.AutomaticEventSubscriber/LOADING]: Scanning class net.neoforged.neoforge.common.MonsterRoomHooks for @SubscribeEvent-annotated methods
[15:51:21] [modloading-worker-0/DEBUG] [ne.ne.fm.ja.AutomaticEventSubscriber/]: Subscribing @EventBusSubscriber class Lnet/neoforged/neoforge/common/MonsterRoomHooks; to the game event bus
[15:51:21] [modloading-worker-0/DEBUG] [ne.ne.fm.ja.AutomaticEventSubscriber/LOADING]: Scanning class net.neoforged.neoforge.common.DeferredSpawnEggItem$CommonHandler for @SubscribeEvent-annotated methods
[15:51:21] [modloading-worker-0/DEBUG] [ne.ne.fm.ja.AutomaticEventSubscriber/]: Subscribing @EventBusSubscriber class Lnet/neoforged/neoforge/common/DeferredSpawnEggItem$CommonHandler; to the mod event bus of mod neoforge
[15:51:21] [modloading-worker-0/DEBUG] [ne.ne.fm.ja.AutomaticEventSubscriber/LOADING]: Scanning class net.neoforged.neoforge.common.DeferredSpawnEggItem$ColorRegisterHandler for @SubscribeEvent-annotated methods
[15:51:21] [modloading-worker-0/DEBUG] [ne.ne.fm.ja.AutomaticEventSubscriber/]: Subscribing @EventBusSubscriber class Lnet/neoforged/neoforge/common/DeferredSpawnEggItem$ColorRegisterHandler; to the mod event bus of mod neoforge
[15:51:21] [modloading-worker-0/DEBUG] [ne.ne.fm.ja.AutomaticEventSubscriber/LOADING]: Scanning class net.neoforged.neoforge.client.ParticleBoundsDebugRenderer for @SubscribeEvent-annotated methods
[15:51:21] [modloading-worker-0/DEBUG] [ne.ne.fm.ja.AutomaticEventSubscriber/]: Subscribing @EventBusSubscriber class Lnet/neoforged/neoforge/client/ParticleBoundsDebugRenderer; to the game event bus
[15:51:21] [modloading-worker-0/DEBUG] [ne.ne.fm.ja.AutomaticEventSubscriber/LOADING]: Scanning class net.neoforged.neoforge.client.model.data.ModelDataManager for @SubscribeEvent-annotated methods
[15:51:21] [modloading-worker-0/DEBUG] [ne.ne.fm.ja.AutomaticEventSubscriber/]: Subscribing @EventBusSubscriber class Lnet/neoforged/neoforge/client/model/data/ModelDataManager; to the game event bus
[15:51:21] [modloading-worker-0/DEBUG] [ne.ne.fm.ja.AutomaticEventSubscriber/LOADING]: Scanning class net.neoforged.neoforge.client.ClientHooks$ClientEvents for @SubscribeEvent-annotated methods
[15:51:21] [modloading-worker-0/DEBUG] [ne.ne.fm.ja.AutomaticEventSubscriber/]: Subscribing @EventBusSubscriber class Lnet/neoforged/neoforge/client/ClientHooks$ClientEvents; to the mod event bus of mod neoforge
[15:51:21] [modloading-worker-0/DEBUG] [ne.ne.fm.ja.AutomaticEventSubscriber/LOADING]: Scanning class net.neoforged.neoforge.client.BlockEntityRenderBoundsDebugRenderer for @SubscribeEvent-annotated methods
[15:51:21] [modloading-worker-0/DEBUG] [ne.ne.fm.ja.AutomaticEventSubscriber/]: Subscribing @EventBusSubscriber class Lnet/neoforged/neoforge/client/BlockEntityRenderBoundsDebugRenderer; to the game event bus
[15:51:21] [modloading-worker-0/DEBUG] [ne.ne.fm.ja.AutomaticEventSubscriber/LOADING]: Scanning class net.neoforged.neoforge.attachment.AttachmentSync for @SubscribeEvent-annotated methods
[15:51:21] [modloading-worker-0/DEBUG] [ne.ne.fm.ja.AutomaticEventSubscriber/]: Subscribing @EventBusSubscriber class Lnet/neoforged/neoforge/attachment/AttachmentSync; to the game event bus
[15:51:21] [modloading-worker-0/DEBUG] [ne.ne.fm.ja.AutomaticEventSubscriber/LOADING]: Scanning class net.neoforged.neoforge.attachment.AttachmentInternals for @SubscribeEvent-annotated methods
[15:51:21] [modloading-worker-0/DEBUG] [ne.ne.fm.ja.AutomaticEventSubscriber/]: Subscribing @EventBusSubscriber class Lnet/neoforged/neoforge/attachment/AttachmentInternals; to the game event bus
[15:51:21] [modloading-sync-worker/DEBUG] [ne.ne.ne.re.GameData/REGISTRIES]: Unfreezing registries
[15:51:22] [modloading-sync-worker/DEBUG] [ne.ne.ne.re.GameData/REGISTRIES]: Freezing registries
[15:51:22] [modloading-sync-worker/DEBUG] [ne.ne.ne.re.GameData/REGISTRIES]: All registries frozen
[15:51:22] [modloading-sync-worker/DEBUG] [ne.ne.fm.co.ConfigTracker/CONFIG]: Loading configs type CLIENT
[15:51:22] [modloading-sync-worker/DEBUG] [ne.ne.ne.co.NeoForgeConfig/FORGEMOD]: Loaded NeoForge config file neoforge-client.toml
[15:51:22] [modloading-sync-worker/DEBUG] [ne.ne.fm.co.ConfigTracker/CONFIG]: Loaded TOML config file %USERPROFILE%\Documents\Packwork\run\client\config\neoforge-client.toml
[15:51:22] [modloading-sync-worker/DEBUG] [ne.ne.fm.co.ConfigTracker/CONFIG]: Watching TOML config file %USERPROFILE%\Documents\Packwork\run\client\config\neoforge-client.toml for changes
[15:51:22] [modloading-sync-worker/DEBUG] [ne.ne.fm.co.ConfigTracker/CONFIG]: Loading configs type COMMON
[15:51:22] [modloading-sync-worker/DEBUG] [ne.ne.ne.co.NeoForgeConfig/FORGEMOD]: Loaded NeoForge config file neoforge-common.toml
[15:51:22] [modloading-sync-worker/DEBUG] [ne.ne.fm.co.ConfigTracker/CONFIG]: Loaded TOML config file %USERPROFILE%\Documents\Packwork\run\client\config\neoforge-common.toml
[15:51:22] [modloading-sync-worker/DEBUG] [ne.ne.fm.co.ConfigTracker/CONFIG]: Watching TOML config file %USERPROFILE%\Documents\Packwork\run\client\config\neoforge-common.toml for changes
[15:51:22] [Render thread/INFO] [ne.ne.ne.ga.GameTestHooks/]: Enabled Gametest Namespaces: [packwork]
[15:51:22] [Render thread/INFO] [minecraft/ReloadableResourceManager]: Reloading ResourceManager: vanilla, mod_resources, mod/packwork, mod/neoforge
[15:51:22] [Render thread/DEBUG] [ne.ne.fm.DeferredWorkQueue/LOADING]: Dispatching synchronous work for work queue Common setup: 1 jobs
[15:51:22] [Render thread/DEBUG] [ne.ne.fm.DeferredWorkQueue/LOADING]: Synchronous work queue completed in 7.917 ms
[15:51:22] [Worker-Main-12/INFO] [minecraft/UnihexProvider]: Found unifont_all_no_pua-15.1.05.hex, loading
[15:51:23] [Worker-Main-11/INFO] [minecraft/UnihexProvider]: Found unifont_jp_patch-15.1.05.hex, loading
[15:51:24] [Render thread/WARN] [minecraft/SoundEngine]: Missing sound for event: minecraft:item.goat_horn.play
[15:51:24] [Render thread/WARN] [minecraft/SoundEngine]: Missing sound for event: minecraft:entity.goat.screaming.horn_break
[15:51:24] [Render thread/INFO] [mojang/Library]: OpenAL initialized on device OpenAL Soft on Speakers (High Definition Audio Device)
[15:51:24] [Render thread/INFO] [minecraft/SoundEngine]: Sound engine started
[15:51:24] [Render thread/INFO] [minecraft/TextureAtlas]: Created: 1024x512x4 minecraft:textures/atlas/blocks.png-atlas
[15:51:24] [Render thread/INFO] [minecraft/TextureAtlas]: Created: 256x256x4 minecraft:textures/atlas/signs.png-atlas
[15:51:24] [Render thread/INFO] [minecraft/TextureAtlas]: Created: 512x512x4 minecraft:textures/atlas/shield_patterns.png-atlas
[15:51:24] [Render thread/INFO] [minecraft/TextureAtlas]: Created: 512x512x4 minecraft:textures/atlas/banner_patterns.png-atlas
[15:51:24] [Render thread/INFO] [minecraft/TextureAtlas]: Created: 1024x1024x4 minecraft:textures/atlas/armor_trims.png-atlas
[15:51:24] [Render thread/INFO] [minecraft/TextureAtlas]: Created: 128x64x4 minecraft:textures/atlas/decorated_pot.png-atlas
[15:51:24] [Render thread/INFO] [minecraft/TextureAtlas]: Created: 256x256x4 minecraft:textures/atlas/chest.png-atlas
[15:51:24] [Render thread/INFO] [minecraft/TextureAtlas]: Created: 512x256x4 minecraft:textures/atlas/shulker_boxes.png-atlas
[15:51:24] [Render thread/INFO] [minecraft/TextureAtlas]: Created: 512x256x4 minecraft:textures/atlas/beds.png-atlas
[15:51:25] [Render thread/INFO] [minecraft/TextureAtlas]: Created: 512x256x0 minecraft:textures/atlas/particles.png-atlas
[15:51:25] [Render thread/INFO] [minecraft/TextureAtlas]: Created: 512x256x0 minecraft:textures/atlas/paintings.png-atlas
[15:51:25] [Render thread/INFO] [minecraft/TextureAtlas]: Created: 256x128x0 minecraft:textures/atlas/mob_effects.png-atlas
[15:51:25] [Render thread/INFO] [minecraft/TextureAtlas]: Created: 64x64x0 minecraft:textures/atlas/map_decorations.png-atlas
[15:51:25] [Render thread/INFO] [minecraft/TextureAtlas]: Created: 1024x512x0 minecraft:textures/atlas/gui.png-atlas
[15:51:25] [Render thread/WARN] [minecraft/ShaderInstance]: Shader rendertype_entity_translucent_emissive could not find sampler named Sampler2 in the specified shader program.
[15:51:25] [Render thread/INFO] [ne.ne.ne.cl.en.an.js.AnimationLoader/]: Loaded 0 entity animations
[15:51:27] [Render thread/INFO] [co.sa.pa.Packwork/]: [autoshot] creating throwaway world
[15:51:28] [Render thread/INFO] [minecraft/RecipeManager]: Loaded 1290 recipes
[15:51:29] [Render thread/INFO] [minecraft/AdvancementTree]: Loaded 1399 advancements
[15:51:29] [Render thread/DEBUG] [ne.ne.ne.co.CommonHooks/WP]: Gathered mod list to write to world save packwork_autoshot
[15:51:29] [Server thread/INFO] [minecraft/IntegratedServer]: Starting integrated minecraft server version 1.21.1
[15:51:29] [Server thread/INFO] [minecraft/MinecraftServer]: Generating keypair
[15:51:29] [Server thread/DEBUG] [ne.ne.fm.co.ConfigTracker/CONFIG]: Loading configs type SERVER
[15:51:29] [Server thread/DEBUG] [ne.ne.ne.co.NeoForgeConfig/FORGEMOD]: Loaded NeoForge config file neoforge-server.toml
[15:51:29] [Server thread/DEBUG] [ne.ne.fm.co.ConfigTracker/CONFIG]: Loaded TOML config file %USERPROFILE%\Documents\Packwork\run\client\config\neoforge-server.toml
[15:51:29] [Server thread/DEBUG] [ne.ne.fm.co.ConfigTracker/CONFIG]: Watching TOML config file %USERPROFILE%\Documents\Packwork\run\client\config\neoforge-server.toml for changes
[15:51:32] [Server thread/INFO] [minecraft/MinecraftServer]: Preparing start region for dimension minecraft:overworld
[15:51:32] [progressListener/INFO] [minecraft/LoggerChunkProgressListener]: Preparing spawn area: 2%
[15:51:33] [progressListener/INFO] [minecraft/LoggerChunkProgressListener]: Preparing spawn area: 2%
[15:51:33] [progressListener/INFO] [minecraft/LoggerChunkProgressListener]: Preparing spawn area: 2%
[15:51:33] [progressListener/INFO] [minecraft/LoggerChunkProgressListener]: Preparing spawn area: 18%
[15:51:34] [progressListener/INFO] [minecraft/LoggerChunkProgressListener]: Preparing spawn area: 18%
[15:51:34] [progressListener/INFO] [minecraft/LoggerChunkProgressListener]: Preparing spawn area: 51%
[15:51:35] [progressListener/INFO] [minecraft/LoggerChunkProgressListener]: Preparing spawn area: 51%
[15:51:35] [Server thread/INFO] [ne.ne.ne.se.pe.PermissionAPI/]: Successfully initialized permission handler neoforge:default_handler
[15:51:35] [progressListener/INFO] [minecraft/LoggerChunkProgressListener]: Time elapsed: 3188 ms
[15:51:35] [Server thread/INFO] [minecraft/IntegratedServer]: Changing view distance to 12, from 10
[15:51:35] [Server thread/INFO] [minecraft/IntegratedServer]: Changing simulation distance to 12, from 0
[15:51:35] [Render thread/DEBUG] [io.ne.ch.MultithreadEventLoopGroup/]: -Dio.netty.eventLoopThreads: 32
[15:51:35] [Render thread/DEBUG] [io.ne.ut.co.GlobalEventExecutor/]: -Dio.netty.globalEventExecutor.quietPeriodSeconds: 1
[15:51:35] [Render thread/DEBUG] [io.ne.ch.ni.NioEventLoop/]: -Dio.netty.noKeySetOptimization: false
[15:51:35] [Render thread/DEBUG] [io.ne.ch.ni.NioEventLoop/]: -Dio.netty.selectorAutoRebuildThreshold: 512
[15:51:35] [Render thread/DEBUG] [io.ne.ut.in.PlatformDependent/]: org.jctools-core.MpscChunkedArrayQueue: available
[15:51:35] [Render thread/DEBUG] [io.ne.ch.DefaultChannelId/]: -Dio.netty.processId: 7112 (auto-detected)
[15:51:35] [Render thread/DEBUG] [io.ne.ut.NetUtil/]: -Djava.net.preferIPv4Stack: false
[15:51:35] [Render thread/DEBUG] [io.ne.ut.NetUtil/]: -Djava.net.preferIPv6Addresses: system
[15:51:35] [Render thread/DEBUG] [io.ne.ut.NetUtilInitializations/]: Loopback interface: loopback_0 (Software Loopback Interface 1, 0:0:0:0:0:0:0:1)
[15:51:35] [Render thread/DEBUG] [io.ne.ut.NetUtil/]: Failed to get SOMAXCONN from sysctl and file \proc\sys\net\core\somaxconn. Default: 200
[15:51:35] [Render thread/DEBUG] [io.ne.ch.DefaultChannelId/]: -Dio.netty.machineId: bc:fc:e7:ff:fe:20:9b:49 (auto-detected)
[15:51:35] [Render thread/DEBUG] [io.ne.ut.Recycler/]: -Dio.netty.recycler.maxCapacityPerThread: 4096
[15:51:35] [Render thread/DEBUG] [io.ne.ut.Recycler/]: -Dio.netty.recycler.ratio: 8
[15:51:35] [Render thread/DEBUG] [io.ne.ut.Recycler/]: -Dio.netty.recycler.chunkSize: 32
[15:51:35] [Render thread/DEBUG] [io.ne.ut.Recycler/]: -Dio.netty.recycler.blocking: false
[15:51:35] [Render thread/DEBUG] [io.ne.ut.Recycler/]: -Dio.netty.recycler.batchFastThreadLocalOnly: true
[15:51:36] [Netty Server IO #1/DEBUG] [ne.ne.ne.ne.fi.NetworkFilters/]: Injected net.neoforged.neoforge.network.filters.GenericPacketSplitter@669c7bb into net.minecraft.network.Connection@39ae89ad
[15:51:36] [Netty Local Client IO #0/DEBUG] [ne.ne.ne.ne.fi.NetworkFilters/]: Injected net.neoforged.neoforge.network.filters.GenericPacketSplitter@2be82850 into net.minecraft.network.Connection@42561092
[15:51:36] [Netty Server IO #1/DEBUG] [ne.ne.ne.ne.fi.NetworkFilters/]: Injected net.neoforged.neoforge.network.filters.GenericPacketSplitter@60dffe77 into net.minecraft.network.Connection@39ae89ad
[15:51:36] [Server thread/INFO] [minecraft/PlayerList]: Dev[local:E:2a80566a] logged in with entity id 23 at (4.5, 75.0, 1.5)
[15:51:36] [Server thread/INFO] [minecraft/MinecraftServer]: Dev joined the game
[15:51:37] [Render thread/INFO] [minecraft/AdvancementTree]: Loaded 2 advancements
[15:51:40] [Server thread/INFO] [co.sa.pa.Packwork/]: [autoshot] pack filled and opened
[15:51:40] [Render thread/INFO] [co.sa.pa.Packwork/]: [autoshot] grabbed packwork_tabs
[15:51:40] [IO-Worker-3/INFO] [co.sa.pa.Packwork/]: [autoshot] Saved screenshot as packwork_tabs.png
[15:51:41] [Render thread/INFO] [co.sa.pa.Packwork/]: [autoshot] grabbed packwork_combat
[15:51:41] [IO-Worker-2/INFO] [co.sa.pa.Packwork/]: [autoshot] Saved screenshot as packwork_combat.png
[15:51:41] [Render thread/INFO] [co.sa.pa.Packwork/]: [autoshot] grabbed packwork_newtab
[15:51:41] [Render thread/INFO] [co.sa.pa.Packwork/]: [autoshot] done - screenshots written
[15:51:41] [IO-Worker-4/INFO] [co.sa.pa.Packwork/]: [autoshot] Saved screenshot as packwork_newtab.png
r]: Dev left the game
[15:51:08] [Server thread/WARN] [minecraft/PlayerDataStorage]: Failed to save player data for Dev
[15:51:08] [Server thread/INFO] [minecraft/ServerCommonPacketListenerImpl]: Stopping singleplayer server as player logged out
[15:51:09] [Server thread/INFO] [minecraft/MinecraftServer]: Stopping server
[15:51:09] [Server thread/INFO] [minecraft/MinecraftServer]: Saving players
[15:51:09] [Server thread/INFO] [minecraft/MinecraftServer]: Saving worlds
[15:51:10] [Server thread/INFO] [minecraft/MinecraftServer]: Saving chunks for level 'ServerLevel[packwork_autoshot]'/minecraft:overworld
[15:51:10] [IO-Worker-11/ERROR] [minecraft/SavedData]: Could not save data net.minecraft.world.entity.raid.Raids@7a639c66
java.nio.file.NoSuchFileException: .\saves\packwork_autoshot\data\raids.dat15524127879742380782.neoforge-tmp
	at java.base/sun.nio.fs.WindowsException.translateToIOException(WindowsException.java:85) ~[?:?] {}
	at java.base/sun.nio.fs.WindowsException.rethrowAsIOException(WindowsException.java:103) ~[?:?] {}
	at java.base/sun.nio.fs.WindowsException.rethrowAsIOException(WindowsException.java:108) ~[?:?] {}
	at java.base/sun.nio.fs.WindowsFileSystemProvider.newByteChannel(WindowsFileSystemProvider.java:234) ~[?:?] {}
	at java.base/java.nio.file.Files.newByteChannel(Files.java:379) ~[?:?] {}
	at java.base/java.nio.file.Files.createFile(Files.java:657) ~[?:?] {}
	at java.base/java.nio.file.TempFileHelper.create(TempFileHelper.java:136) ~[?:?] {}
	at java.base/java.nio.file.TempFileHelper.createTempFile(TempFileHelper.java:159) ~[?:?] {}
	at java.base/java.nio.file.Files.createTempFile(Files.java:878) ~[?:?] {}
	at TRANSFORMER/neoforge@21.1.235/net.neoforged.neoforge.common.IOUtilities.atomicWrite(IOUtilities.java:161) ~[neoforge-21.1.235.jar%23196!/:?] {re:classloading}
	at TRANSFORMER/neoforge@21.1.235/net.neoforged.neoforge.common.IOUtilities.writeNbtCompressed(IOUtilities.java:115) ~[neoforge-21.1.235.jar%23196!/:?] {re:classloading}
	at TRANSFORMER/minecraft@1.21.1/net.minecraft.world.level.saveddata.SavedData.lambda$save$0(SavedData.java:47) ~[neoforge-21.1.235.jar%23195!/:?] {re:classloading}
	at java.base/java.util.concurrent.CompletableFuture$UniRun.tryFire(CompletableFuture.java:787) ~[?:?] {}
	at java.base/java.util.concurrent.CompletableFuture$Completion.run(CompletableFuture.java:482) ~[?:?] {}
	at java.base/java.util.concurrent.ThreadPoolExecutor.runWorker(ThreadPoolExecutor.java:1144) ~[?:?] {}
	at java.base/java.util.concurrent.ThreadPoolExecutor$Worker.run(ThreadPoolExecutor.java:642) ~[?:?] {}
	at java.base/java.lang.Thread.run(Thread.java:1583) [?:?] {}
[15:51:10] [IO-Worker-9/ERROR] [minecraft/SavedData]: Could not save data net.neoforged.neoforge.attachment.LevelAttachmentsSavedData@56ce0122
java.nio.file.NoSuchFileException: .\saves\packwork_autoshot\data\neoforge_data_attachments.dat13542977144564102778.neoforge-tmp
	at java.base/sun.nio.fs.WindowsException.translateToIOException(WindowsException.java:85) ~[?:?] {}
	at java.base/sun.nio.fs.WindowsException.rethrowAsIOException(WindowsException.java:103) ~[?:?] {}
	at java.base/sun.nio.fs.WindowsException.rethrowAsIOException(WindowsException.java:108) ~[?:?] {}
	at java.base/sun.nio.fs.WindowsFileSystemProvider.newByteChannel(WindowsFileSystemProvider.java:234) ~[?:?] {}
	at java.base/java.nio.file.Files.newByteChannel(Files.java:379) ~[?:?] {}
	at java.base/java.nio.file.Files.createFile(Files.java:657) ~[?:?] {}
	at java.base/java.nio.file.TempFileHelper.create(TempFileHelper.java:136) ~[?:?] {}
	at java.base/java.nio.file.TempFileHelper.createTempFile(TempFileHelper.java:159) ~[?:?] {}
	at java.base/java.nio.file.Files.createTempFile(Files.java:878) ~[?:?] {}
	at TRANSFORMER/neoforge@21.1.235/net.neoforged.neoforge.common.IOUtilities.atomicWrite(IOUtilities.java:161) ~[neoforge-21.1.235.jar%23196!/:?] {re:classloading}
	at TRANSFORMER/neoforge@21.1.235/net.neoforged.neoforge.common.IOUtilities.writeNbtCompressed(IOUtilities.java:115) ~[neoforge-21.1.235.jar%23196!/:?] {re:classloading}
	at TRANSFORMER/minecraft@1.21.1/net.minecraft.world.level.saveddata.SavedData.lambda$save$0(SavedData.java:47) ~[neoforge-21.1.235.jar%23195!/:?] {re:classloading}
	at java.base/java.util.concurrent.CompletableFuture$UniRun.tryFire(CompletableFuture.java:787) ~[?:?] {}
	at java.base/java.util.concurrent.CompletableFuture$Completion.run(CompletableFuture.java:482) ~[?:?] {}
	at java.base/java.util.concurrent.ThreadPoolExecutor.runWorker(ThreadPoolExecutor.java:1144) ~[?:?] {}
	at java.base/java.util.concurrent.ThreadPoolExecutor$Worker.run(ThreadPoolExecutor.java:642) ~[?:?] {}
	at java.base/java.lang.Thread.run(Thread.java:1583) [?:?] {}
[15:51:11] [Server thread/INFO] [minecraft/MinecraftServer]: Saving chunks for level 'ServerLevel[packwork_autoshot]'/minecraft:the_end
[15:51:11] [IO-Worker-9/ERROR] [minecraft/SavedData]: Could not save data net.minecraft.world.entity.raid.Raids@4fded8
java.nio.file.NoSuchFileException: .\saves\packwork_autoshot\DIM1\data\raids_end.dat13808355068132052160.neoforge-tmp
	at java.base/sun.nio.fs.WindowsException.translateToIOException(WindowsException.java:85) ~[?:?] {}
	at java.base/sun.nio.fs.WindowsException.rethrowAsIOException(WindowsException.java:103) ~[?:?] {}
	at java.base/sun.nio.fs.WindowsException.rethrowAsIOException(WindowsException.java:108) ~[?:?] {}
	at java.base/sun.nio.fs.WindowsFileSystemProvider.newByteChannel(WindowsFileSystemProvider.java:234) ~[?:?] {}
	at java.base/java.nio.file.Files.newByteChannel(Files.java:379) ~[?:?] {}
	at java.base/java.nio.file.Files.createFile(Files.java:657) ~[?:?] {}
	at java.base/java.nio.file.TempFileHelper.create(TempFileHelper.java:136) ~[?:?] {}
	at java.base/java.nio.file.TempFileHelper.createTempFile(TempFileHelper.java:159) ~[?:?] {}
	at java.base/java.nio.file.Files.createTempFile(Files.java:878) ~[?:?] {}
	at TRANSFORMER/neoforge@21.1.235/net.neoforged.neoforge.common.IOUtilities.atomicWrite(IOUtilities.java:161) ~[neoforge-21.1.235.jar%23196!/:?] {re:classloading}
	at TRANSFORMER/neoforge@21.1.235/net.neoforged.neoforge.common.IOUtilities.writeNbtCompressed(IOUtilities.java:115) ~[neoforge-21.1.235.jar%23196!/:?] {re:classloading}
	at TRANSFORMER/minecraft@1.21.1/net.minecraft.world.level.saveddata.SavedData.lambda$save$0(SavedData.java:47) ~[neoforge-21.1.235.jar%23195!/:?] {re:classloading}
	at java.base/java.util.concurrent.CompletableFuture$UniRun.tryFire(CompletableFuture.java:787) ~[?:?] {}
	at java.base/java.util.concurrent.CompletableFuture$Completion.run(CompletableFuture.java:482) ~[?:?] {}
	at java.base/java.util.concurrent.ThreadPoolExecutor.runWorker(ThreadPoolExecutor.java:1144) ~[?:?] {}
	at java.base/java.util.concurrent.ThreadPoolExecutor$Worker.run(ThreadPoolExecutor.java:642) ~[?:?] {}
	at java.base/java.lang.Thread.run(Thread.java:1583) [?:?] {}
[15:51:11] [IO-Worker-11/ERROR] [minecraft/SavedData]: Could not save data net.neoforged.neoforge.attachment.LevelAttachmentsSavedData@709bf716
java.nio.file.NoSuchFileException: .\saves\packwork_autoshot\DIM1\data\neoforge_data_attachments.dat8913492048371024457.neoforge-tmp
	at java.base/sun.nio.fs.WindowsException.translateToIOException(WindowsException.java:85) ~[?:?] {}
	at java.base/sun.nio.fs.WindowsException.rethrowAsIOException(WindowsException.java:103) ~[?:?] {}
	at java.base/sun.nio.fs.WindowsException.rethrowAsIOException(WindowsException.java:108) ~[?:?] {}
	at java.base/sun.nio.fs.WindowsFileSystemProvider.newByteChannel(WindowsFileSystemProvider.java:234) ~[?:?] {}
	at java.base/java.nio.file.Files.newByteChannel(Files.java:379) ~[?:?] {}
	at java.base/java.nio.file.Files.createFile(Files.java:657) ~[?:?] {}
	at java.base/java.nio.file.TempFileHelper.create(TempFileHelper.java:136) ~[?:?] {}
	at java.base/java.nio.file.TempFileHelper.createTempFile(TempFileHelper.java:159) ~[?:?] {}
	at java.base/java.nio.file.Files.createTempFile(Files.java:878) ~[?:?] {}
	at TRANSFORMER/neoforge@21.1.235/net.neoforged.neoforge.common.IOUtilities.atomicWrite(IOUtilities.java:161) ~[neoforge-21.1.235.jar%23196!/:?] {re:classloading}
	at TRANSFORMER/neoforge@21.1.235/net.neoforged.neoforge.common.IOUtilities.writeNbtCompressed(IOUtilities.java:115) ~[neoforge-21.1.235.jar%23196!/:?] {re:classloading}
	at TRANSFORMER/minecraft@1.21.1/net.minecraft.world.level.saveddata.SavedData.lambda$save$0(SavedData.java:47) ~[neoforge-21.1.235.jar%23195!/:?] {re:classloading}
	at java.base/java.util.concurrent.CompletableFuture$UniRun.tryFire(CompletableFuture.java:787) ~[?:?] {}
	at java.base/java.util.concurrent.CompletableFuture$Completion.run(CompletableFuture.java:482) ~[?:?] {}
	at java.base/java.util.concurrent.ThreadPoolExecutor.runWorker(ThreadPoolExecutor.java:1144) ~[?:?] {}
	at java.base/java.util.concurrent.ThreadPoolExecutor$Worker.run(ThreadPoolExecutor.java:642) ~[?:?] {}
	at java.base/java.lang.Thread.run(Thread.java:1583) [?:?] {}
[15:51:11] [Server thread/INFO] [minecraft/MinecraftServer]: Saving chunks for level 'ServerLevel[packwork_autoshot]'/minecraft:the_nether
[15:51:11] [IO-Worker-11/ERROR] [minecraft/SavedData]: Could not save data net.minecraft.world.entity.raid.Raids@35996761
java.nio.file.NoSuchFileException: .\saves\packwork_autoshot\DIM-1\data\raids.dat2628488855554424937.neoforge-tmp
	at java.base/sun.nio.fs.WindowsException.translateToIOException(WindowsException.java:85) ~[?:?] {}
	at java.base/sun.nio.fs.WindowsException.rethrowAsIOException(WindowsException.java:103) ~[?:?] {}
	at java.base/sun.nio.fs.WindowsException.rethrowAsIOException(WindowsException.java:108) ~[?:?] {}
	at java.base/sun.nio.fs.WindowsFileSystemProvider.newByteChannel(WindowsFileSystemProvider.java:234) ~[?:?] {}
	at java.base/java.nio.file.Files.newByteChannel(Files.java:379) ~[?:?] {}
	at java.base/java.nio.file.Files.createFile(Files.java:657) ~[?:?] {}
	at java.base/java.nio.file.TempFileHelper.create(TempFileHelper.java:136) ~[?:?] {}
	at java.base/java.nio.file.TempFileHelper.createTempFile(TempFileHelper.java:159) ~[?:?] {}
	at java.base/java.nio.file.Files.createTempFile(Files.java:878) ~[?:?] {}
	at TRANSFORMER/neoforge@21.1.235/net.neoforged.neoforge.common.IOUtilities.atomicWrite(IOUtilities.java:161) ~[neoforge-21.1.235.jar%23196!/:?] {re:classloading}
	at TRANSFORMER/neoforge@21.1.235/net.neoforged.neoforge.common.IOUtilities.writeNbtCompressed(IOUtilities.java:115) ~[neoforge-21.1.235.jar%23196!/:?] {re:classloading}
	at TRANSFORMER/minecraft@1.21.1/net.minecraft.world.level.saveddata.SavedData.lambda$save$0(SavedData.java:47) ~[neoforge-21.1.235.jar%23195!/:?] {re:classloading}
	at java.base/java.util.concurrent.CompletableFuture$UniRun.tryFire(CompletableFuture.java:787) ~[?:?] {}
	at java.base/java.util.concurrent.CompletableFuture$Completion.run(CompletableFuture.java:482) ~[?:?] {}
	at java.base/java.util.concurrent.ThreadPoolExecutor.runWorker(ThreadPoolExecutor.java:1144) ~[?:?] {}
	at java.base/java.util.concurrent.ThreadPoolExecutor$Worker.run(ThreadPoolExecutor.java:642) ~[?:?] {}
	at java.base/java.lang.Thread.run(Thread.java:1583) [?:?] {}
[15:51:11] [IO-Worker-2/ERROR] [minecraft/SavedData]: Could not save data net.neoforged.neoforge.attachment.LevelAttachmentsSavedData@71ddb9d5
java.nio.file.NoSuchFileException: .\saves\packwork_autoshot\DIM-1\data\neoforge_data_attachments.dat2784762955696188714.neoforge-tmp
	at java.base/sun.nio.fs.WindowsException.translateToIOException(WindowsException.java:85) ~[?:?] {}
	at java.base/sun.nio.fs.WindowsException.rethrowAsIOException(WindowsException.java:103) ~[?:?] {}
	at java.base/sun.nio.fs.WindowsException.rethrowAsIOException(WindowsException.java:108) ~[?:?] {}
	at java.base/sun.nio.fs.WindowsFileSystemProvider.newByteChannel(WindowsFileSystemProvider.java:234) ~[?:?] {}
	at java.base/java.nio.file.Files.newByteChannel(Files.java:379) ~[?:?] {}
	at java.base/java.nio.file.Files.createFile(Files.java:657) ~[?:?] {}
	at java.base/java.nio.file.TempFileHelper.create(TempFileHelper.java:136) ~[?:?] {}
	at java.base/java.nio.file.TempFileHelper.createTempFile(TempFileHelper.java:159) ~[?:?] {}
	at java.base/java.nio.file.Files.createTempFile(Files.java:878) ~[?:?] {}
	at TRANSFORMER/neoforge@21.1.235/net.neoforged.neoforge.common.IOUtilities.atomicWrite(IOUtilities.java:161) ~[neoforge-21.1.235.jar%23196!/:?] {re:classloading}
	at TRANSFORMER/neoforge@21.1.235/net.neoforged.neoforge.common.IOUtilities.writeNbtCompressed(IOUtilities.java:115) ~[neoforge-21.1.235.jar%23196!/:?] {re:classloading}
	at TRANSFORMER/minecraft@1.21.1/net.minecraft.world.level.saveddata.SavedData.lambda$save$0(SavedData.java:47) ~[neoforge-21.1.235.jar%23195!/:?] {re:classloading}
	at java.base/java.util.concurrent.CompletableFuture$UniRun.tryFire(CompletableFuture.java:787) ~[?:?] {}
	at java.base/java.util.concurrent.CompletableFuture$Completion.run(CompletableFuture.java:482) ~[?:?] {}
	at java.base/java.util.concurrent.ThreadPoolExecutor.runWorker(ThreadPoolExecutor.java:1144) ~[?:?] {}
	at java.base/java.util.concurrent.ThreadPoolExecutor$Worker.run(ThreadPoolExecutor.java:642) ~[?:?] {}
	at java.base/java.lang.Thread.run(Thread.java:1583) [?:?] {}
[15:51:11] [Server thread/DEBUG] [ne.ne.ne.co.CommonHooks/WP]: Gathered mod list to write to world save packwork_autoshot
[15:51:11] [Server thread/INFO] [minecraft/MinecraftServer]: ThreadedAnvilChunkStorage (packwork_autoshot): All chunks are saved
[15:51:11] [Server thread/INFO] [minecraft/MinecraftServer]: ThreadedAnvilChunkStorage (DIM1): All chunks are saved
[15:51:11] [Server thread/INFO] [minecraft/MinecraftServer]: ThreadedAnvilChunkStorage (DIM-1): All chunks are saved
[15:51:11] [Server thread/INFO] [minecraft/MinecraftServer]: ThreadedAnvilChunkStorage: All dimensions are saved
[15:51:11] [Server thread/DEBUG] [ne.ne.fm.co.ConfigTracker/CONFIG]: Unloading configs type SERVER

[Incubating] Problems report is available at: file:///%USERPROFILE%/Documents/Packwork/build/reports/problems/problems-report.html

Deprecated Gradle features were used in this build, making it incompatible with Gradle 10.

You can use '--warning-mode all' to show the individual deprecation warnings and determine if they come from your own scripts or plugins.

For more on this, please refer to https://docs.gradle.org/9.6.1/userguide/command_line_interface.html#sec:command_line_warnings in the Gradle documentation.

BUILD SUCCESSFUL in 16m 10s
28 actionable tasks: 1 executed, 27 up-to-date
Configuration cache entry stored.
657) ~[?:?] {}
	at java.base/java.nio.file.TempFileHelper.create(TempFileHelper.java:136) ~[?:?] {}
	at java.base/java.nio.file.TempFileHelper.createTempFile(TempFileHelper.java:159) ~[?:?] {}
	at java.base/java.nio.file.Files.createTempFile(Files.java:878) ~[?:?] {}
	at TRANSFORMER/neoforge@21.1.235/net.neoforged.neoforge.common.IOUtilities.atomicWrite(IOUtilities.java:161) ~[neoforge-21.1.235.jar%23196!/:?] {re:classloading}
	at TRANSFORMER/neoforge@21.1.235/net.neoforged.neoforge.common.IOUtilities.writeNbtCompressed(IOUtilities.java:115) ~[neoforge-21.1.235.jar%23196!/:?] {re:classloading}
	at TRANSFORMER/minecraft@1.21.1/net.minecraft.world.level.saveddata.SavedData.lambda$save$0(SavedData.java:47) ~[neoforge-21.1.235.jar%23195!/:?] {re:classloading}
	at java.base/java.util.concurrent.CompletableFuture$UniRun.tryFire(CompletableFuture.java:787) ~[?:?] {}
	at java.base/java.util.concurrent.CompletableFuture$Completion.run(CompletableFuture.java:482) ~[?:?] {}
	at java.base/java.util.concurrent.ThreadPoolExecutor.runWorker(ThreadPoolExecutor.java:1144) ~[?:?] {}
	at java.base/java.util.concurrent.ThreadPoolExecutor$Worker.run(ThreadPoolExecutor.java:642) ~[?:?] {}
	at java.base/java.lang.Thread.run(Thread.java:1583) [?:?] {}
[15:51:09] [Server thread/DEBUG] [ne.ne.ne.co.CommonHooks/WP]: Gathered mod list to write to world save packwork_autoshot
[15:51:09] [Server thread/INFO] [minecraft/MinecraftServer]: ThreadedAnvilChunkStorage (packwork_autoshot): All chunks are saved
[15:51:09] [Server thread/INFO] [minecraft/MinecraftServer]: ThreadedAnvilChunkStorage (DIM1): All chunks are saved
[15:51:09] [Server thread/INFO] [minecraft/MinecraftServer]: ThreadedAnvilChunkStorage (DIM-1): All chunks are saved
[15:51:09] [Server thread/INFO] [minecraft/MinecraftServer]: ThreadedAnvilChunkStorage: All dimensions are saved
[15:51:10] [Server thread/DEBUG] [ne.ne.fm.co.ConfigTracker/CONFIG]: Unloading configs type SERVER

BUILD SUCCESSFUL in 3m 59s
28 actionable tasks: 2 executed, 26 up-to-date
Configuration cache entry reused.
