Reusing configuration cache.
> Task :cacheVersionManifest1.21.1 UP-TO-DATE
> Task :neoFormJoined1.21.1-20240808.144430DownloadAssets UP-TO-DATE
> Task :neoFormJoined1.21.1-20240808.144430ExtractNatives UP-TO-DATE
> Task :processResources UP-TO-DATE
> Task :neoFormListLibraries UP-TO-DATE
> Task :cacheVersionMappingsClient1.21.1 UP-TO-DATE
> Task :cacheVersionExecutableServer1.21.1 UP-TO-DATE
> Task :cacheVersionExecutableClient1.21.1 UP-TO-DATE
> Task :cacheVersionExtractedServer1.21.1 UP-TO-DATE
> Task :neoFormStripClient UP-TO-DATE
> Task :neoFormStripServer UP-TO-DATE
> Task :create1.21.1ClientExtraJar UP-TO-DATE
> Task :neoFormMergeMappings UP-TO-DATE
> Task :selectRawArtifactNg_dummy_ng.net.minecraft_client_1.21.1_client-extra UP-TO-DATE
> Task :neoFormMerge UP-TO-DATE
> Task :neoFormListTransformLibraries UP-TO-DATE
> Task :neoFormRename UP-TO-DATE
> Task :neoFormDecompile UP-TO-DATE
> Task :neoFormInject UP-TO-DATE
> Task :neoFormPatch UP-TO-DATE
> Task :neoFormPatchUserDev UP-TO-DATE
> Task :neoFormTransformSource UP-TO-DATE
> Task :neoFormRecompile UP-TO-DATE
> Task :supplyRawJarForneoFormJoined1.21.1-20240808.144430 UP-TO-DATE
> Task :selectRawArtifactNg_dummy_ng.net.neoforged_neoforge_21.1.235 UP-TO-DATE
> Task :writeMinecraftClasspathClient UP-TO-DATE
> Task :compileJava UP-TO-DATE
> Task :classes UP-TO-DATE

> Task :runClient
[08:51:04.455] [main/INFO] [Launcher/MODLAUNCHER]: ModLauncher running: args [--launchTarget, forgeclientdev, --version, 21.1.235, --assetIndex, asset-index, --assetsDir, C:\Users\alexh\.gradle\caches\minecraft\assets, --gameDir, ., --fml.fmlVersion, 4.0.42, --fml.mcVersion, 1.21.1, --fml.neoForgeVersion, 21.1.235, --fml.neoFormVersion, 20240808.144430] 
[08:51:04.464] [main/INFO] [Launcher/MODLAUNCHER]: JVM identified as Oracle Corporation Java HotSpot(TM) 64-Bit Server VM 21.0.11+9-LTS-211 
[08:51:04.470] [main/INFO] [Launcher/MODLAUNCHER]: ModLauncher 11.0.5+main.901c6ea8 starting: java version 21.0.11 by Oracle Corporation; OS Windows 11 arch amd64 version 10.0 
[08:51:04.739] [main/INFO] [loading.ImmediateWindowHandler/]: Loading ImmediateWindowProvider fmlearlywindow 
[08:51:05.004] [main/INFO] [EARLYDISPLAY/]: Trying GL version 4.6 
[08:51:05.369] [main/INFO] [EARLYDISPLAY/]: Requested GL version 4.6 got version 4.6 
[08:51:05.495] [main/INFO] [mixin/]: SpongePowered MIXIN Subsystem Version=0.8.7 Source=union:/C:/Users/alexh/.gradle/caches/modules-2/files-2.1/net.fabricmc/sponge-mixin/0.15.2+mixin.0.8.7/2af2f021d8e02a0220dc27a7a72b4666d66d44ca/sponge-mixin-0.15.2+mixin.0.8.7.jar%23142!/ Service=ModLauncher Env=CLIENT 
[08:51:05.713] [main/INFO] [loading.moddiscovery.ModDiscoverer/SCAN]: Found mod file "neoforge-21.1.235.jar" [locator: neoforge devenv provider ([C:\Users\alexh\Documents\Minecraft Projects\Packwork\.gradle\repositories\ng_dummy_ng\net\neoforged\neoforge\21.1.235\neoforge-21.1.235.jar])] 
[08:51:05.753] [main/INFO] [loading.moddiscovery.ModDiscoverer/SCAN]: Found mod file "neoforge-21.1.235.jar" [locator: neoforge devenv provider ([C:\Users\alexh\Documents\Minecraft Projects\Packwork\.gradle\repositories\ng_dummy_ng\net\neoforged\neoforge\21.1.235\neoforge-21.1.235.jar])] 
[08:51:05.782] [main/INFO] [loading.moddiscovery.ModDiscoverer/SCAN]: Found mod file "main" [locator: userdev mods and services, reader: mod manifest] 
[08:51:05.802] [main/INFO] [loading.moddiscovery.ModDiscoverer/SCAN]: Found mod file "neoforge-21.1.235.jar" [locator: userdev mods and services, reader: mod manifest] 
[08:51:05.814] [pool-2-thread-1/INFO] [EARLYDISPLAY/]: GL info: NVIDIA GeForce RTX 2080/PCIe/SSE2 GL version 4.6.0 NVIDIA 610.74, NVIDIA Corporation 
[08:51:05.946] [main/INFO] [loading.moddiscovery.ModDiscoverer/SCAN]: Found gamelibrary file "mixinextras-neoforge-0.5.3.jar" [locator: userdev mods and services, reader: mod manifest] 
[08:51:06.310] [main/WARN] [selection.JarSelector/]: Attempted to select a dependency jar for JarJar which was passed in as source: library:mixinextras.neoforge. Using Mod File: C:\Users\alexh\.gradle\caches\modules-2\files-2.1\io.github.llamalad7\mixinextras-neoforge\0.5.3\a0919957808de97707c5fb4ce073e66aeef3e187\mixinextras-neoforge-0.5.3.jar 
[08:51:06.310] [main/INFO] [loading.moddiscovery.locators.JarInJarDependencyLocator/]: Found 1 dependencies adding them to mods collection 
[08:51:06.310] [main/INFO] [loading.moddiscovery.ModDiscoverer/SCAN]: Found library file "net.neoforged.neoforge-coremods-21.1.235.jar" [parent: neoforge-21.1.235.jar, locator: jarinjar, reader: mod manifest] 
[08:51:06.315] [main/INFO] [loading.moddiscovery.ModDiscoverer/]: 
     Mod List:
		Name Version (Mod Id)

		Minecraft 1.21.1 (minecraft)
		NeoForge 21.1.235 (neoforge)
		Packwork 1.2.0 (packwork) 
[08:51:07.558] [main/INFO] [LaunchServiceHandler/MODLAUNCHER]: Launching target 'forgeclientdev' with arguments [--version, 21.1.235, --gameDir, ., --assetsDir, C:\Users\alexh\.gradle\caches\minecraft\assets, --assetIndex, asset-index] 
WARN StatusConsoleListener Advanced terminal features are not available in this environment
[08:51:08] [main/DEBUG] [io.ne.ut.in.lo.InternalLoggerFactory/]: Using SLF4J as the default logging framework
[08:51:08] [main/DEBUG] [io.ne.ut.ResourceLeakDetector/]: -Dio.netty.leakDetection.level: simple
[08:51:08] [main/DEBUG] [io.ne.ut.ResourceLeakDetector/]: -Dio.netty.leakDetection.targetRecords: 4
[08:51:11] [main/DEBUG] [os.ut.FileUtil/]: No oshi.properties file found from ClassLoader cpw.mods.modlauncher.TransformingClassLoader@2063c53e
[08:51:11] [Datafixer Bootstrap/INFO] [mojang/DataFixerBuilder]: 229 Datafixer optimizations took 572 milliseconds
[08:51:11] [main/DEBUG] [os.ut.FileUtil/]: No oshi.architecture.properties file found from ClassLoader cpw.mods.modlauncher.TransformingClassLoader@2063c53e
[08:51:11] [pool-7-thread-1/INFO] [MixinExtras|Service/]: Initializing MixinExtras via com.llamalad7.mixinextras.service.MixinExtrasServiceImpl(version=0.5.3).
[08:51:12] [pool-7-thread-1/DEBUG] [mixin/]: Registering new injector for @SugarWrapper with com.llamalad7.mixinextras.sugar.impl.SugarWrapperInjectionInfo
[08:51:12] [pool-7-thread-1/DEBUG] [mixin/]: Registering new injector for @FactoryRedirectWrapper with com.llamalad7.mixinextras.wrapper.factory.FactoryRedirectWrapperInjectionInfo
[08:51:12] [pool-7-thread-1/DEBUG] [mixin/]: Registering new injector for @ExpressionInjectorWrapper with com.llamalad7.mixinextras.expression.impl.wrapper.ExpressionInjectorWrapperInjectionInfo
[08:51:12] [pool-7-thread-1/DEBUG] [mixin/]: Mixing MappedRegistryAccessor from neoforge.mixins.json into net.minecraft.core.MappedRegistry
[08:51:12] [pool-7-thread-1/DEBUG] [mixin/]: neoforge.mixins.json:MappedRegistryAccessor from mod neoforge: Class version 65 required is higher than the class version supported by the current version of Mixin (JAVA_16 supports class version 60)
[08:51:13] [pool-7-thread-1/DEBUG] [mixin/]: Mixing BlockEntityTypeAccessor from neoforge.mixins.json into net.minecraft.world.level.block.entity.BlockEntityType
[08:51:13] [pool-7-thread-1/DEBUG] [mixin/]: neoforge.mixins.json:BlockEntityTypeAccessor from mod neoforge: Class version 65 required is higher than the class version supported by the current version of Mixin (JAVA_16 supports class version 60)
[08:51:16] [pool-7-thread-1/DEBUG] [io.ne.ut.in.PlatformDependent0/]: -Dio.netty.noUnsafe: false
[08:51:16] [pool-7-thread-1/DEBUG] [io.ne.ut.in.PlatformDependent0/]: Java version: 21
[08:51:16] [pool-7-thread-1/DEBUG] [io.ne.ut.in.PlatformDependent0/]: sun.misc.Unsafe.theUnsafe: available
[08:51:16] [pool-7-thread-1/DEBUG] [io.ne.ut.in.PlatformDependent0/]: sun.misc.Unsafe.copyMemory: available
[08:51:16] [pool-7-thread-1/DEBUG] [io.ne.ut.in.PlatformDependent0/]: sun.misc.Unsafe.storeFence: available
[08:51:16] [pool-7-thread-1/DEBUG] [io.ne.ut.in.PlatformDependent0/]: java.nio.Buffer.address: available
[08:51:16] [pool-7-thread-1/DEBUG] [io.ne.ut.in.PlatformDependent0/]: java.nio.Bits.unaligned: available, true
[08:51:16] [pool-7-thread-1/DEBUG] [io.ne.ut.in.PlatformDependent0/]: java.nio.DirectByteBuffer.<init>(long, {int,long}): unavailable
[08:51:16] [pool-7-thread-1/DEBUG] [io.ne.ut.in.PlatformDependent/]: sun.misc.Unsafe: available
[08:51:16] [pool-7-thread-1/DEBUG] [io.ne.ut.in.PlatformDependent/]: maxDirectMemory: 8568963072 bytes (maybe)
[08:51:16] [pool-7-thread-1/DEBUG] [io.ne.ut.in.PlatformDependent/]: -Dio.netty.tmpdir: C:\Users\alexh\AppData\Local\Temp (java.io.tmpdir)
[08:51:16] [pool-7-thread-1/DEBUG] [io.ne.ut.in.PlatformDependent/]: -Dio.netty.bitMode: 64 (sun.arch.data.model)
[08:51:16] [pool-7-thread-1/DEBUG] [io.ne.ut.in.PlatformDependent/]: Platform: Windows
[08:51:16] [pool-7-thread-1/DEBUG] [io.ne.ut.in.PlatformDependent/]: -Dio.netty.maxDirectMemory: -1 bytes
[08:51:16] [pool-7-thread-1/DEBUG] [io.ne.ut.in.PlatformDependent/]: -Dio.netty.uninitializedArrayAllocationThreshold: -1
[08:51:16] [pool-7-thread-1/DEBUG] [io.ne.ut.in.CleanerJava9/]: java.nio.ByteBuffer.cleaner(): available
[08:51:16] [pool-7-thread-1/DEBUG] [io.ne.ut.in.PlatformDependent/]: -Dio.netty.noPreferDirect: false
[08:51:18] [pool-7-thread-1/DEBUG] [ne.ne.ne.re.GameData/REGISTRIES]: Creating vanilla freeze snapshot
[08:51:19] [pool-7-thread-1/DEBUG] [ne.ne.ne.re.GameData/REGISTRIES]: Vanilla freeze snapshot created
[08:51:20] [main/WARN] [minecraft/Commands]: Ambiguity between arguments [teleport, location] and [teleport, destination] with inputs: [0.1 -0.5 .9, 0 0 0]
[08:51:20] [main/WARN] [minecraft/Commands]: Ambiguity between arguments [teleport, location] and [teleport, targets] with inputs: [0.1 -0.5 .9, 0 0 0]
[08:51:20] [main/WARN] [minecraft/Commands]: Ambiguity between arguments [teleport, destination] and [teleport, targets] with inputs: [Player, 0123, @e, dd12be42-52a9-4a91-a8a1-11c01849e498]
[08:51:20] [main/WARN] [minecraft/Commands]: Ambiguity between arguments [teleport, targets] and [teleport, destination] with inputs: [Player, 0123, dd12be42-52a9-4a91-a8a1-11c01849e498]
[08:51:20] [main/WARN] [minecraft/Commands]: Ambiguity between arguments [teleport, targets, location] and [teleport, targets, destination] with inputs: [0.1 -0.5 .9, 0 0 0]
[08:51:20] [Render thread/WARN] [minecraft/VanillaPackResourcesBuilder]: Assets URL 'union:/C:/Users/alexh/Documents/Minecraft%20Projects/Packwork/.gradle/repositories/ng_dummy_ng/net/neoforged/neoforge/21.1.235/neoforge-21.1.235.jar%23195!/assets/.mcassetsroot' uses unexpected schema
[08:51:20] [Render thread/WARN] [minecraft/VanillaPackResourcesBuilder]: Assets URL 'union:/C:/Users/alexh/Documents/Minecraft%20Projects/Packwork/.gradle/repositories/ng_dummy_ng/net/neoforged/neoforge/21.1.235/neoforge-21.1.235.jar%23195!/data/.mcassetsroot' uses unexpected schema
[08:51:20] [Render thread/INFO] [mojang/YggdrasilAuthenticationService]: Environment: Environment[sessionHost=https://sessionserver.mojang.com, servicesHost=https://api.minecraftservices.com, name=PROD]
[08:51:20] [Render thread/INFO] [minecraft/Minecraft]: Setting user: Dev
[08:51:20] [Render thread/INFO] [minecraft/Minecraft]: Backend library: LWJGL version 3.3.3+5
[08:51:21] [Render thread/DEBUG] [ne.ne.fm.ModWorkManager/LOADING]: Using 16 threads for parallel mod-loading
[08:51:21] [Render thread/DEBUG] [ne.ne.fm.ja.FMLModContainer/LOADING]: Creating FMLModContainer instance for [com.sappersquad.packwork.Packwork]
[08:51:21] [Render thread/DEBUG] [ne.ne.fm.ja.FMLModContainer/LOADING]: Creating FMLModContainer instance for [net.neoforged.neoforge.common.NeoForgeMod, net.neoforged.neoforge.client.ClientNeoForgeMod]
[08:51:21] [modloading-worker-0/INFO] [packwork/config/]: Packwork server config read from C:\Users\alexh\Documents\Minecraft Projects\Packwork\run\client\config\packwork-server.toml (59 keys)
[08:51:21] [modloading-worker-0/DEBUG] [ne.ne.ne.in.ve.ne.NeoForgeVersion/CORE]: Found NeoForge version 21.1.235
[08:51:21] [modloading-worker-0/DEBUG] [ne.ne.ne.in.ve.ne.NeoForgeVersion/CORE]: Found FML version 4.0.42
[08:51:21] [modloading-worker-0/INFO] [ne.ne.ne.co.NeoForgeMod/NEOFORGE-MOD]: NeoForge mod loading, version 21.1.235, for MC 1.21.1
[08:51:21] [modloading-worker-0/INFO] [co.sa.pa.Packwork/]: Packwork slung over one shoulder.
[08:51:21] [modloading-worker-0/DEBUG] [ne.ne.fm.ja.AutomaticEventSubscriber/LOADING]: Attempting to inject @EventBusSubscriber classes into the eventbus for packwork
[08:51:21] [modloading-worker-0/DEBUG] [ne.ne.fm.ja.AutomaticEventSubscriber/LOADING]: Scanning class com.sappersquad.packwork.client.ClientConfigEvents for @SubscribeEvent-annotated methods
[08:51:21] [modloading-worker-0/DEBUG] [ne.ne.fm.co.ConfigTracker/CONFIG]: Config file neoforge-client.toml for neoforge tracking
[08:51:21] [modloading-worker-0/DEBUG] [ne.ne.fm.co.ConfigTracker/CONFIG]: Config file neoforge-server.toml for neoforge tracking
[08:51:21] [modloading-worker-0/DEBUG] [ne.ne.fm.co.ConfigTracker/CONFIG]: Config file neoforge-common.toml for neoforge tracking
[08:51:21] [modloading-worker-0/DEBUG] [ne.ne.fm.ja.AutomaticEventSubscriber/]: Subscribing @EventBusSubscriber class Lcom/sappersquad/packwork/client/ClientConfigEvents; to the game event bus
[08:51:21] [modloading-worker-0/DEBUG] [ne.ne.fm.ja.AutomaticEventSubscriber/LOADING]: Scanning class com.sappersquad.packwork.client.ClientSetup for @SubscribeEvent-annotated methods
[08:51:21] [modloading-worker-0/DEBUG] [ne.ne.fm.ja.AutomaticEventSubscriber/]: Subscribing @EventBusSubscriber class Lcom/sappersquad/packwork/client/ClientSetup; to the mod event bus of mod packwork
[08:51:21] [modloading-worker-0/DEBUG] [ne.ne.fm.ja.AutomaticEventSubscriber/LOADING]: Scanning class com.sappersquad.packwork.client.DevAutoShot for @SubscribeEvent-annotated methods
[08:51:21] [modloading-worker-0/DEBUG] [ne.ne.fm.ja.AutomaticEventSubscriber/]: Subscribing @EventBusSubscriber class Lcom/sappersquad/packwork/client/DevAutoShot; to the game event bus
[08:51:21] [modloading-worker-0/DEBUG] [ne.ne.fm.ja.AutomaticEventSubscriber/LOADING]: Scanning class com.sappersquad.packwork.client.PackKeyMappings$Input for @SubscribeEvent-annotated methods
[08:51:21] [modloading-worker-0/DEBUG] [ne.ne.fm.ja.AutomaticEventSubscriber/]: Subscribing @EventBusSubscriber class Lcom/sappersquad/packwork/client/PackKeyMappings$Input; to the game event bus
[08:51:21] [modloading-worker-0/DEBUG] [ne.ne.fm.ja.AutomaticEventSubscriber/LOADING]: Scanning class com.sappersquad.packwork.client.PackKeyMappings$Registrar for @SubscribeEvent-annotated methods
[08:51:21] [modloading-worker-0/DEBUG] [ne.ne.fm.ja.AutomaticEventSubscriber/]: Subscribing @EventBusSubscriber class Lcom/sappersquad/packwork/client/PackKeyMappings$Registrar; to the mod event bus of mod packwork
[08:51:21] [modloading-worker-0/DEBUG] [ne.ne.fm.ja.AutomaticEventSubscriber/LOADING]: Scanning class com.sappersquad.packwork.config.PackworkDeathHandling for @SubscribeEvent-annotated methods
[08:51:21] [modloading-worker-0/DEBUG] [ne.ne.fm.ja.AutomaticEventSubscriber/]: Subscribing @EventBusSubscriber class Lcom/sappersquad/packwork/config/PackworkDeathHandling; to the game event bus
[08:51:21] [modloading-worker-0/DEBUG] [ne.ne.fm.ja.AutomaticEventSubscriber/LOADING]: Scanning class com.sappersquad.packwork.net.ConfigSyncEvents for @SubscribeEvent-annotated methods
[08:51:21] [modloading-worker-0/DEBUG] [ne.ne.fm.ja.AutomaticEventSubscriber/]: Subscribing @EventBusSubscriber class Lcom/sappersquad/packwork/net/ConfigSyncEvents; to the game event bus
[08:51:21] [modloading-worker-0/DEBUG] [ne.ne.fm.ja.AutomaticEventSubscriber/LOADING]: Scanning class com.sappersquad.packwork.trinket.TrinketEffects for @SubscribeEvent-annotated methods
[08:51:21] [modloading-worker-0/DEBUG] [ne.ne.fm.ja.AutomaticEventSubscriber/]: Subscribing @EventBusSubscriber class Lcom/sappersquad/packwork/trinket/TrinketEffects; to the game event bus
[08:51:21] [modloading-worker-0/DEBUG] [ne.ne.fm.ja.AutomaticEventSubscriber/LOADING]: Attempting to inject @EventBusSubscriber classes into the eventbus for neoforge
[08:51:21] [modloading-worker-0/DEBUG] [ne.ne.fm.ja.AutomaticEventSubscriber/LOADING]: Scanning class net.neoforged.neoforge.server.command.ConfigCommand for @SubscribeEvent-annotated methods
[08:51:21] [modloading-worker-0/DEBUG] [ne.ne.fm.ja.AutomaticEventSubscriber/]: Subscribing @EventBusSubscriber class Lnet/neoforged/neoforge/server/command/ConfigCommand; to the game event bus
[08:51:21] [modloading-worker-0/DEBUG] [ne.ne.fm.ja.AutomaticEventSubscriber/LOADING]: Scanning class net.neoforged.neoforge.network.NetworkInitialization for @SubscribeEvent-annotated methods
[08:51:21] [modloading-worker-0/DEBUG] [ne.ne.fm.ja.AutomaticEventSubscriber/]: Subscribing @EventBusSubscriber class Lnet/neoforged/neoforge/network/NetworkInitialization; to the mod event bus of mod neoforge
[08:51:21] [modloading-worker-0/DEBUG] [ne.ne.fm.ja.AutomaticEventSubscriber/LOADING]: Scanning class net.neoforged.neoforge.network.filters.GenericPacketSplitter for @SubscribeEvent-annotated methods
[08:51:21] [modloading-worker-0/DEBUG] [io.ne.bu.AbstractByteBuf/]: -Dio.netty.buffer.checkAccessible: true
[08:51:21] [modloading-worker-0/DEBUG] [io.ne.bu.AbstractByteBuf/]: -Dio.netty.buffer.checkBounds: true
[08:51:21] [modloading-worker-0/DEBUG] [io.ne.ut.ResourceLeakDetectorFactory/]: Loaded default ResourceLeakDetector: io.netty.util.ResourceLeakDetector@522f2906
[08:51:21] [modloading-worker-0/DEBUG] [io.ne.ut.in.InternalThreadLocalMap/]: -Dio.netty.threadLocalMap.stringBuilder.initialSize: 1024
[08:51:21] [modloading-worker-0/DEBUG] [io.ne.ut.in.InternalThreadLocalMap/]: -Dio.netty.threadLocalMap.stringBuilder.maxSize: 4096
[08:51:21] [modloading-worker-0/DEBUG] [io.ne.bu.PooledByteBufAllocator/]: -Dio.netty.allocator.numHeapArenas: 32
[08:51:21] [modloading-worker-0/DEBUG] [io.ne.bu.PooledByteBufAllocator/]: -Dio.netty.allocator.numDirectArenas: 32
[08:51:21] [modloading-worker-0/DEBUG] [io.ne.bu.PooledByteBufAllocator/]: -Dio.netty.allocator.pageSize: 8192
[08:51:21] [modloading-worker-0/DEBUG] [io.ne.bu.PooledByteBufAllocator/]: -Dio.netty.allocator.maxOrder: 9
[08:51:21] [modloading-worker-0/DEBUG] [io.ne.bu.PooledByteBufAllocator/]: -Dio.netty.allocator.chunkSize: 4194304
[08:51:21] [modloading-worker-0/DEBUG] [io.ne.bu.PooledByteBufAllocator/]: -Dio.netty.allocator.smallCacheSize: 256
[08:51:21] [modloading-worker-0/DEBUG] [io.ne.bu.PooledByteBufAllocator/]: -Dio.netty.allocator.normalCacheSize: 64
[08:51:21] [modloading-worker-0/DEBUG] [io.ne.bu.PooledByteBufAllocator/]: -Dio.netty.allocator.maxCachedBufferCapacity: 32768
[08:51:21] [modloading-worker-0/DEBUG] [io.ne.bu.PooledByteBufAllocator/]: -Dio.netty.allocator.cacheTrimInterval: 8192
[08:51:21] [modloading-worker-0/DEBUG] [io.ne.bu.PooledByteBufAllocator/]: -Dio.netty.allocator.cacheTrimIntervalMillis: 0
[08:51:21] [modloading-worker-0/DEBUG] [io.ne.bu.PooledByteBufAllocator/]: -Dio.netty.allocator.useCacheForAllThreads: false
[08:51:21] [modloading-worker-0/DEBUG] [io.ne.bu.PooledByteBufAllocator/]: -Dio.netty.allocator.maxCachedByteBuffersPerChunk: 1023
[08:51:21] [modloading-worker-0/DEBUG] [io.ne.bu.ByteBufUtil/]: -Dio.netty.allocator.type: pooled
[08:51:21] [modloading-worker-0/DEBUG] [io.ne.bu.ByteBufUtil/]: -Dio.netty.threadLocalDirectBufferSize: 0
[08:51:21] [modloading-worker-0/DEBUG] [io.ne.bu.ByteBufUtil/]: -Dio.netty.maxThreadLocalCharBufferSize: 16384
[08:51:21] [modloading-worker-0/DEBUG] [ne.ne.fm.ja.AutomaticEventSubscriber/]: Subscribing @EventBusSubscriber class Lnet/neoforged/neoforge/network/filters/GenericPacketSplitter; to the mod event bus of mod neoforge
[08:51:21] [modloading-worker-0/DEBUG] [ne.ne.fm.ja.AutomaticEventSubscriber/LOADING]: Scanning class net.neoforged.neoforge.network.ConfigurationInitialization for @SubscribeEvent-annotated methods
[08:51:21] [modloading-worker-0/DEBUG] [ne.ne.fm.ja.AutomaticEventSubscriber/]: Subscribing @EventBusSubscriber class Lnet/neoforged/neoforge/network/ConfigurationInitialization; to the mod event bus of mod neoforge
[08:51:21] [modloading-worker-0/DEBUG] [ne.ne.fm.ja.AutomaticEventSubscriber/LOADING]: Scanning class net.neoforged.neoforge.common.MonsterRoomHooks for @SubscribeEvent-annotated methods
[08:51:21] [modloading-worker-0/DEBUG] [ne.ne.fm.ja.AutomaticEventSubscriber/]: Subscribing @EventBusSubscriber class Lnet/neoforged/neoforge/common/MonsterRoomHooks; to the game event bus
[08:51:21] [modloading-worker-0/DEBUG] [ne.ne.fm.ja.AutomaticEventSubscriber/LOADING]: Scanning class net.neoforged.neoforge.common.DeferredSpawnEggItem$CommonHandler for @SubscribeEvent-annotated methods
[08:51:21] [modloading-worker-0/DEBUG] [ne.ne.fm.ja.AutomaticEventSubscriber/]: Subscribing @EventBusSubscriber class Lnet/neoforged/neoforge/common/DeferredSpawnEggItem$CommonHandler; to the mod event bus of mod neoforge
[08:51:21] [modloading-worker-0/DEBUG] [ne.ne.fm.ja.AutomaticEventSubscriber/LOADING]: Scanning class net.neoforged.neoforge.common.DeferredSpawnEggItem$ColorRegisterHandler for @SubscribeEvent-annotated methods
[08:51:21] [modloading-worker-0/DEBUG] [ne.ne.fm.ja.AutomaticEventSubscriber/]: Subscribing @EventBusSubscriber class Lnet/neoforged/neoforge/common/DeferredSpawnEggItem$ColorRegisterHandler; to the mod event bus of mod neoforge
[08:51:21] [modloading-worker-0/DEBUG] [ne.ne.fm.ja.AutomaticEventSubscriber/LOADING]: Scanning class net.neoforged.neoforge.client.ParticleBoundsDebugRenderer for @SubscribeEvent-annotated methods
[08:51:21] [modloading-worker-0/DEBUG] [ne.ne.fm.ja.AutomaticEventSubscriber/]: Subscribing @EventBusSubscriber class Lnet/neoforged/neoforge/client/ParticleBoundsDebugRenderer; to the game event bus
[08:51:21] [modloading-worker-0/DEBUG] [ne.ne.fm.ja.AutomaticEventSubscriber/LOADING]: Scanning class net.neoforged.neoforge.client.model.data.ModelDataManager for @SubscribeEvent-annotated methods
[08:51:21] [modloading-worker-0/DEBUG] [ne.ne.fm.ja.AutomaticEventSubscriber/]: Subscribing @EventBusSubscriber class Lnet/neoforged/neoforge/client/model/data/ModelDataManager; to the game event bus
[08:51:21] [modloading-worker-0/DEBUG] [ne.ne.fm.ja.AutomaticEventSubscriber/LOADING]: Scanning class net.neoforged.neoforge.client.ClientHooks$ClientEvents for @SubscribeEvent-annotated methods
[08:51:21] [modloading-worker-0/DEBUG] [ne.ne.fm.ja.AutomaticEventSubscriber/]: Subscribing @EventBusSubscriber class Lnet/neoforged/neoforge/client/ClientHooks$ClientEvents; to the mod event bus of mod neoforge
[08:51:21] [modloading-worker-0/DEBUG] [ne.ne.fm.ja.AutomaticEventSubscriber/LOADING]: Scanning class net.neoforged.neoforge.client.BlockEntityRenderBoundsDebugRenderer for @SubscribeEvent-annotated methods
[08:51:21] [modloading-worker-0/DEBUG] [ne.ne.fm.ja.AutomaticEventSubscriber/]: Subscribing @EventBusSubscriber class Lnet/neoforged/neoforge/client/BlockEntityRenderBoundsDebugRenderer; to the game event bus
[08:51:21] [modloading-worker-0/DEBUG] [ne.ne.fm.ja.AutomaticEventSubscriber/LOADING]: Scanning class net.neoforged.neoforge.attachment.AttachmentSync for @SubscribeEvent-annotated methods
[08:51:21] [modloading-worker-0/DEBUG] [ne.ne.fm.ja.AutomaticEventSubscriber/]: Subscribing @EventBusSubscriber class Lnet/neoforged/neoforge/attachment/AttachmentSync; to the game event bus
[08:51:21] [modloading-worker-0/DEBUG] [ne.ne.fm.ja.AutomaticEventSubscriber/LOADING]: Scanning class net.neoforged.neoforge.attachment.AttachmentInternals for @SubscribeEvent-annotated methods
[08:51:21] [modloading-worker-0/DEBUG] [ne.ne.fm.ja.AutomaticEventSubscriber/]: Subscribing @EventBusSubscriber class Lnet/neoforged/neoforge/attachment/AttachmentInternals; to the game event bus
[08:51:21] [modloading-sync-worker/DEBUG] [ne.ne.ne.re.GameData/REGISTRIES]: Unfreezing registries
[08:51:21] [modloading-sync-worker/DEBUG] [ne.ne.ne.re.GameData/REGISTRIES]: Freezing registries
[08:51:21] [modloading-sync-worker/DEBUG] [ne.ne.ne.re.GameData/REGISTRIES]: All registries frozen
[08:51:21] [modloading-sync-worker/DEBUG] [ne.ne.fm.co.ConfigTracker/CONFIG]: Loading configs type CLIENT
[08:51:21] [modloading-sync-worker/DEBUG] [ne.ne.ne.co.NeoForgeConfig/FORGEMOD]: Loaded NeoForge config file neoforge-client.toml
[08:51:21] [modloading-sync-worker/DEBUG] [ne.ne.fm.co.ConfigTracker/CONFIG]: Loaded TOML config file C:\Users\alexh\Documents\Minecraft Projects\Packwork\run\client\config\neoforge-client.toml
[08:51:21] [modloading-sync-worker/DEBUG] [ne.ne.fm.co.ConfigTracker/CONFIG]: Watching TOML config file C:\Users\alexh\Documents\Minecraft Projects\Packwork\run\client\config\neoforge-client.toml for changes
[08:51:21] [modloading-sync-worker/DEBUG] [ne.ne.fm.co.ConfigTracker/CONFIG]: Loading configs type COMMON
[08:51:21] [modloading-sync-worker/DEBUG] [ne.ne.ne.co.NeoForgeConfig/FORGEMOD]: Loaded NeoForge config file neoforge-common.toml
[08:51:21] [modloading-sync-worker/DEBUG] [ne.ne.fm.co.ConfigTracker/CONFIG]: Loaded TOML config file C:\Users\alexh\Documents\Minecraft Projects\Packwork\run\client\config\neoforge-common.toml
[08:51:21] [modloading-sync-worker/DEBUG] [ne.ne.fm.co.ConfigTracker/CONFIG]: Watching TOML config file C:\Users\alexh\Documents\Minecraft Projects\Packwork\run\client\config\neoforge-common.toml for changes
[08:51:22] [Render thread/INFO] [ne.ne.ne.ga.GameTestHooks/]: Enabled Gametest Namespaces: [packwork]
[08:51:22] [Render thread/INFO] [minecraft/ReloadableResourceManager]: Reloading ResourceManager: vanilla, mod_resources, mod/packwork, mod/neoforge
[08:51:22] [Render thread/DEBUG] [ne.ne.fm.DeferredWorkQueue/LOADING]: Dispatching synchronous work for work queue Common setup: 1 jobs
[08:51:22] [Render thread/DEBUG] [ne.ne.fm.DeferredWorkQueue/LOADING]: Synchronous work queue completed in 8.398 ms
[08:51:22] [Worker-Main-9/INFO] [minecraft/UnihexProvider]: Found unifont_all_no_pua-15.1.05.hex, loading
[08:51:22] [Worker-Main-13/INFO] [minecraft/UnihexProvider]: Found unifont_jp_patch-15.1.05.hex, loading
[08:51:25] [Render thread/WARN] [minecraft/SoundEngine]: Missing sound for event: minecraft:item.goat_horn.play
[08:51:25] [Render thread/WARN] [minecraft/SoundEngine]: Missing sound for event: minecraft:entity.goat.screaming.horn_break
[08:51:25] [Render thread/INFO] [mojang/Library]: OpenAL initialized on device OpenAL Soft on Speakers (Razer Kraken V3 Pro)
[08:51:25] [Render thread/INFO] [minecraft/SoundEngine]: Sound engine started
[08:51:25] [Render thread/INFO] [minecraft/TextureAtlas]: Created: 1024x512x4 minecraft:textures/atlas/blocks.png-atlas
[08:51:25] [Render thread/INFO] [minecraft/TextureAtlas]: Created: 256x256x4 minecraft:textures/atlas/signs.png-atlas
[08:51:25] [Render thread/INFO] [minecraft/TextureAtlas]: Created: 512x512x4 minecraft:textures/atlas/shield_patterns.png-atlas
[08:51:25] [Render thread/INFO] [minecraft/TextureAtlas]: Created: 512x512x4 minecraft:textures/atlas/banner_patterns.png-atlas
[08:51:25] [Render thread/INFO] [minecraft/TextureAtlas]: Created: 1024x1024x4 minecraft:textures/atlas/armor_trims.png-atlas
[08:51:25] [Render thread/INFO] [minecraft/TextureAtlas]: Created: 256x256x4 minecraft:textures/atlas/chest.png-atlas
[08:51:25] [Render thread/INFO] [minecraft/TextureAtlas]: Created: 128x64x4 minecraft:textures/atlas/decorated_pot.png-atlas
[08:51:25] [Render thread/INFO] [minecraft/TextureAtlas]: Created: 512x256x4 minecraft:textures/atlas/shulker_boxes.png-atlas
[08:51:25] [Render thread/INFO] [minecraft/TextureAtlas]: Created: 512x256x4 minecraft:textures/atlas/beds.png-atlas
[08:51:25] [Render thread/INFO] [minecraft/TextureAtlas]: Created: 512x256x0 minecraft:textures/atlas/particles.png-atlas
[08:51:25] [Render thread/INFO] [minecraft/TextureAtlas]: Created: 512x256x0 minecraft:textures/atlas/paintings.png-atlas
[08:51:25] [Render thread/INFO] [minecraft/TextureAtlas]: Created: 256x128x0 minecraft:textures/atlas/mob_effects.png-atlas
[08:51:25] [Render thread/INFO] [minecraft/TextureAtlas]: Created: 64x64x0 minecraft:textures/atlas/map_decorations.png-atlas
[08:51:25] [Render thread/INFO] [minecraft/TextureAtlas]: Created: 1024x512x0 minecraft:textures/atlas/gui.png-atlas
[08:51:26] [Render thread/WARN] [minecraft/ShaderInstance]: Shader rendertype_entity_translucent_emissive could not find sampler named Sampler2 in the specified shader program.
[08:51:26] [Render thread/INFO] [ne.ne.ne.cl.en.an.js.AnimationLoader/]: Loaded 0 entity animations
[08:51:26] [Render thread/INFO] [co.sa.pa.Packwork/]: [gifshot] window 1280x720 at GUI scale 2
[08:51:27] [Render thread/INFO] [co.sa.pa.Packwork/]: [gifshot] creating throwaway world
[08:51:29] [Render thread/INFO] [minecraft/RecipeManager]: Loaded 1316 recipes
[08:51:29] [Render thread/INFO] [minecraft/AdvancementTree]: Loaded 1399 advancements
[08:51:30] [Render thread/DEBUG] [ne.ne.ne.co.CommonHooks/WP]: Gathered mod list to write to world save packwork_autoshot
[08:51:30] [Server thread/INFO] [minecraft/IntegratedServer]: Starting integrated minecraft server version 1.21.1
[08:51:30] [Server thread/INFO] [minecraft/MinecraftServer]: Generating keypair
[08:51:30] [Server thread/DEBUG] [ne.ne.fm.co.ConfigTracker/CONFIG]: Loading configs type SERVER
[08:51:30] [Server thread/DEBUG] [ne.ne.ne.co.NeoForgeConfig/FORGEMOD]: Loaded NeoForge config file neoforge-server.toml
[08:51:30] [Server thread/DEBUG] [ne.ne.fm.co.ConfigTracker/CONFIG]: Loaded TOML config file C:\Users\alexh\Documents\Minecraft Projects\Packwork\run\client\config\neoforge-server.toml
[08:51:30] [Server thread/DEBUG] [ne.ne.fm.co.ConfigTracker/CONFIG]: Watching TOML config file C:\Users\alexh\Documents\Minecraft Projects\Packwork\run\client\config\neoforge-server.toml for changes
[08:51:36] [Server thread/INFO] [minecraft/MinecraftServer]: Preparing start region for dimension minecraft:overworld
[08:51:36] [progressListener/INFO] [minecraft/LoggerChunkProgressListener]: Time elapsed: 57 ms
[08:51:36] [Server thread/INFO] [ne.ne.ne.se.pe.PermissionAPI/]: Successfully initialized permission handler neoforge:default_handler
[08:51:36] [Server thread/INFO] [minecraft/IntegratedServer]: Changing view distance to 12, from 10
[08:51:36] [Server thread/INFO] [minecraft/IntegratedServer]: Changing simulation distance to 12, from 0
[08:51:36] [Render thread/DEBUG] [io.ne.ch.MultithreadEventLoopGroup/]: -Dio.netty.eventLoopThreads: 32
[08:51:36] [Render thread/DEBUG] [io.ne.ut.co.GlobalEventExecutor/]: -Dio.netty.globalEventExecutor.quietPeriodSeconds: 1
[08:51:36] [Render thread/DEBUG] [io.ne.ch.ni.NioEventLoop/]: -Dio.netty.noKeySetOptimization: false
[08:51:36] [Render thread/DEBUG] [io.ne.ch.ni.NioEventLoop/]: -Dio.netty.selectorAutoRebuildThreshold: 512
[08:51:36] [Render thread/DEBUG] [io.ne.ut.in.PlatformDependent/]: org.jctools-core.MpscChunkedArrayQueue: available
[08:51:36] [Render thread/DEBUG] [io.ne.ch.DefaultChannelId/]: -Dio.netty.processId: 50484 (auto-detected)
[08:51:36] [Render thread/DEBUG] [io.ne.ut.NetUtil/]: -Djava.net.preferIPv4Stack: false
[08:51:36] [Render thread/DEBUG] [io.ne.ut.NetUtil/]: -Djava.net.preferIPv6Addresses: system
[08:51:37] [Render thread/DEBUG] [io.ne.ut.NetUtilInitializations/]: Loopback interface: loopback_0 (Software Loopback Interface 1, 0:0:0:0:0:0:0:1)
[08:51:37] [Render thread/DEBUG] [io.ne.ut.NetUtil/]: Failed to get SOMAXCONN from sysctl and file \proc\sys\net\core\somaxconn. Default: 200
[08:51:37] [Render thread/DEBUG] [io.ne.ch.DefaultChannelId/]: -Dio.netty.machineId: bc:fc:e7:ff:fe:20:9b:49 (auto-detected)
[08:51:37] [Render thread/DEBUG] [io.ne.ut.Recycler/]: -Dio.netty.recycler.maxCapacityPerThread: 4096
[08:51:37] [Render thread/DEBUG] [io.ne.ut.Recycler/]: -Dio.netty.recycler.ratio: 8
[08:51:37] [Render thread/DEBUG] [io.ne.ut.Recycler/]: -Dio.netty.recycler.chunkSize: 32
[08:51:37] [Render thread/DEBUG] [io.ne.ut.Recycler/]: -Dio.netty.recycler.blocking: false
[08:51:37] [Render thread/DEBUG] [io.ne.ut.Recycler/]: -Dio.netty.recycler.batchFastThreadLocalOnly: true
[08:51:37] [Netty Server IO #1/DEBUG] [ne.ne.ne.ne.fi.NetworkFilters/]: Injected net.neoforged.neoforge.network.filters.GenericPacketSplitter@290b73d1 into net.minecraft.network.Connection@422a7266
[08:51:37] [Netty Local Client IO #0/DEBUG] [ne.ne.ne.ne.fi.NetworkFilters/]: Injected net.neoforged.neoforge.network.filters.GenericPacketSplitter@350a274d into net.minecraft.network.Connection@7b9bf4cb
[08:51:38] [Netty Server IO #1/DEBUG] [ne.ne.ne.ne.fi.NetworkFilters/]: Injected net.neoforged.neoforge.network.filters.GenericPacketSplitter@6d470ff3 into net.minecraft.network.Connection@422a7266
[08:51:38] [Server thread/INFO] [minecraft/PlayerList]: Dev[local:E:624f5ff9] logged in with entity id 1 at (286.5, 80.0, -57.5)
[08:51:38] [Server thread/INFO] [minecraft/MinecraftServer]: Dev joined the game
[08:51:39] [Render thread/INFO] [minecraft/AdvancementTree]: Loaded 4 advancements
[08:51:41] [Server thread/INFO] [minecraft/MinecraftServer]: Dev has made the advancement [Stone Age]
[08:51:41] [Server thread/INFO] [minecraft/MinecraftServer]: Dev has made the advancement [Isn't It Iron Pick]
[08:51:41] [Server thread/INFO] [minecraft/MinecraftServer]: Dev has made the advancement [Diamonds!]
[08:51:41] [Server thread/INFO] [co.sa.pa.Packwork/]: [gifshot] messy inventory staged on the sky pad, pack open
[08:51:41] [Render thread/INFO] [minecraft/ChatComponent]: [System] [CHAT] Dev has made the advancement [Stone Age]
[08:51:41] [Render thread/INFO] [minecraft/ChatComponent]: [System] [CHAT] Dev has made the advancement [Isn't It Iron Pick]
[08:51:41] [Render thread/INFO] [minecraft/ChatComponent]: [System] [CHAT] Dev has made the advancement [Diamonds!]
[08:51:41] [Render thread/INFO] [minecraft/AdvancementTree]: Loaded 108 advancements
[08:51:46] [Server thread/ERROR] [minecraft/ChunkSerializer]: Recoverable errors when loading section [5, 4, 12]: (Unknown registry key in ResourceKey[minecraft:root / minecraft:block]: minecraft:short_dry_grass -> using default); (Unknown registry key in ResourceKey[minecraft:root / minecraft:block]: minecraft:tall_dry_grass -> using default)
[08:51:46] [Server thread/ERROR] [minecraft/ChunkSerializer]: Recoverable errors when loading section [5, 4, 13]: (Unknown registry key in ResourceKey[minecraft:root / minecraft:block]: minecraft:short_dry_grass -> using default); (Unknown registry key in ResourceKey[minecraft:root / minecraft:block]: minecraft:tall_dry_grass -> using default)
[08:51:46] [Server thread/ERROR] [minecraft/ChunkSerializer]: Recoverable errors when loading section [5, 4, 14]: (Unknown registry key in ResourceKey[minecraft:root / minecraft:block]: minecraft:short_dry_grass -> using default); (Unknown registry key in ResourceKey[minecraft:root / minecraft:block]: minecraft:tall_dry_grass -> using default)
[08:51:46] [Server thread/ERROR] [minecraft/ChunkSerializer]: Recoverable errors when loading section [6, 4, 12]: (Unknown registry key in ResourceKey[minecraft:root / minecraft:block]: minecraft:short_dry_grass -> using default)
[08:51:46] [Server thread/ERROR] [minecraft/ChunkSerializer]: Recoverable errors when loading section [6, 4, 13]: (Unknown registry key in ResourceKey[minecraft:root / minecraft:block]: minecraft:short_dry_grass -> using default); (Unknown registry key in ResourceKey[minecraft:root / minecraft:block]: minecraft:tall_dry_grass -> using default)
[08:51:46] [Server thread/ERROR] [minecraft/ChunkSerializer]: Recoverable errors when loading section [7, 4, 13]: (Unknown registry key in ResourceKey[minecraft:root / minecraft:block]: minecraft:short_dry_grass -> using default); (Unknown registry key in ResourceKey[minecraft:root / minecraft:block]: minecraft:tall_dry_grass -> using default)
[08:51:46] [Server thread/ERROR] [minecraft/ChunkSerializer]: Recoverable errors when loading section [9, 4, 16]: (Unknown registry key in ResourceKey[minecraft:root / minecraft:block]: minecraft:short_dry_grass -> using default); (Unknown registry key in ResourceKey[minecraft:root / minecraft:block]: minecraft:tall_dry_grass -> using default)
[08:51:46] [Server thread/ERROR] [minecraft/ChunkSerializer]: Recoverable errors when loading section [9, 3, 17]: (Unknown registry key in ResourceKey[minecraft:root / minecraft:block]: minecraft:short_dry_grass -> using default)
[08:51:46] [Server thread/ERROR] [minecraft/ChunkSerializer]: Recoverable errors when loading section [10, 4, 16]: (Unknown registry key in ResourceKey[minecraft:root / minecraft:block]: minecraft:tall_dry_grass -> using default)
[08:51:46] [Server thread/ERROR] [minecraft/ChunkSerializer]: Recoverable errors when loading section [10, 4, 17]: (Unknown registry key in ResourceKey[minecraft:root / minecraft:block]: minecraft:tall_dry_grass -> using default); (Unknown registry key in ResourceKey[minecraft:root / minecraft:block]: minecraft:short_dry_grass -> using default)
[08:51:46] [Server thread/ERROR] [minecraft/ChunkSerializer]: Recoverable errors when loading section [10, 3, 19]: (Unknown registry key in ResourceKey[minecraft:root / minecraft:block]: minecraft:tall_dry_grass -> using default)
[08:51:46] [Server thread/ERROR] [minecraft/ChunkSerializer]: Recoverable errors when loading section [11, 4, 16]: (Unknown registry key in ResourceKey[minecraft:root / minecraft:block]: minecraft:short_dry_grass -> using default); (Unknown registry key in ResourceKey[minecraft:root / minecraft:block]: minecraft:tall_dry_grass -> using default)
[08:51:46] [Server thread/ERROR] [minecraft/ChunkSerializer]: Recoverable errors when loading section [11, 4, 17]: (Unknown registry key in ResourceKey[minecraft:root / minecraft:block]: minecraft:short_dry_grass -> using default); (Unknown registry key in ResourceKey[minecraft:root / minecraft:block]: minecraft:tall_dry_grass -> using default)
[08:51:47] [Render thread/INFO] [co.sa.pa.Packwork/]: [gifshot] 40 frames
[08:51:49] [Render thread/INFO] [co.sa.pa.Packwork/]: [autoshot] hovering gui (248,226) -> window (496,452)
[08:51:49] [Render thread/INFO] [co.sa.pa.Packwork/]: [autoshot] hovering gui (266,226) -> window (532,452)
[08:51:49] [Render thread/INFO] [co.sa.pa.Packwork/]: [autoshot] hovering gui (284,226) -> window (568,452)
[08:51:50] [Render thread/INFO] [co.sa.pa.Packwork/]: [autoshot] hovering gui (302,226) -> window (604,452)
[08:51:50] [Render thread/INFO] [co.sa.pa.Packwork/]: [autoshot] hovering gui (320,226) -> window (640,452)
[08:51:50] [Render thread/INFO] [co.sa.pa.Packwork/]: [autoshot] hovering gui (338,226) -> window (676,452)
[08:51:50] [Render thread/INFO] [co.sa.pa.Packwork/]: [autoshot] hovering gui (356,226) -> window (712,452)
[08:51:51] [Render thread/INFO] [co.sa.pa.Packwork/]: [gifshot] 80 frames
[08:51:51] [Render thread/INFO] [co.sa.pa.Packwork/]: [autoshot] hovering gui (374,226) -> window (748,452)
[08:51:51] [Render thread/INFO] [co.sa.pa.Packwork/]: [autoshot] hovering gui (392,226) -> window (784,452)
[08:51:51] [Server thread/ERROR] [minecraft/ChunkSerializer]: Recoverable errors when loading section [0, 3, 12]: (Unknown registry key in ResourceKey[minecraft:root / minecraft:block]: minecraft:short_dry_grass -> using default)
[08:51:51] [Server thread/ERROR] [minecraft/ChunkSerializer]: Recoverable errors when loading section [0, 4, 12]: (Unknown registry key in ResourceKey[minecraft:root / minecraft:block]: minecraft:short_dry_grass -> using default)
[08:51:51] [Server thread/ERROR] [minecraft/ChunkSerializer]: Recoverable errors when loading section [0, 4, 16]: (Unknown registry key in ResourceKey[minecraft:root / minecraft:block]: minecraft:short_dry_grass -> using default); (Unknown registry key in ResourceKey[minecraft:root / minecraft:block]: minecraft:tall_dry_grass -> using default)
[08:51:51] [Server thread/ERROR] [minecraft/ChunkSerializer]: Recoverable errors when loading section [1, 4, 12]: (Unknown registry key in ResourceKey[minecraft:root / minecraft:block]: minecraft:tall_dry_grass -> using default)
[08:51:51] [Server thread/ERROR] [minecraft/ChunkSerializer]: Recoverable errors when loading section [1, 4, 16]: (Unknown registry key in ResourceKey[minecraft:root / minecraft:block]: minecraft:tall_dry_grass -> using default)
[08:51:51] [Server thread/ERROR] [minecraft/ChunkSerializer]: Recoverable errors when loading section [1, 4, 18]: (Unknown registry key in ResourceKey[minecraft:root / minecraft:block]: minecraft:cactus_flower -> using default)
[08:51:51] [Server thread/ERROR] [minecraft/ChunkSerializer]: Recoverable errors when loading section [1, 3, 20]: (Unknown registry key in ResourceKey[minecraft:root / minecraft:block]: minecraft:short_dry_grass -> using default)
[08:51:51] [Server thread/ERROR] [minecraft/ChunkSerializer]: Recoverable errors when loading section [2, 3, 11]: (Unknown registry key in ResourceKey[minecraft:root / minecraft:block]: minecraft:short_dry_grass -> using default)
[08:51:51] [Server thread/ERROR] [minecraft/ChunkSerializer]: Recoverable errors when loading section [2, 5, 17]: (Unknown registry key in ResourceKey[minecraft:root / minecraft:block]: minecraft:tall_dry_grass -> using default); (Unknown registry key in ResourceKey[minecraft:root / minecraft:block]: minecraft:short_dry_grass -> using default)
[08:51:51] [Server thread/ERROR] [minecraft/ChunkSerializer]: Recoverable errors when loading section [2, 3, 20]: (Unknown registry key in ResourceKey[minecraft:root / minecraft:block]: minecraft:tall_dry_grass -> using default)
[08:51:51] [Server thread/ERROR] [minecraft/ChunkSerializer]: Recoverable errors when loading section [3, 0, 11]: (Unknown registry key in ResourceKey[minecraft:root / minecraft:block]: minecraft:iron_chain -> using default)
[08:51:51] [Server thread/ERROR] [minecraft/ChunkSerializer]: Recoverable errors when loading section [3, 4, 12]: (Unknown registry key in ResourceKey[minecraft:root / minecraft:block]: minecraft:cactus_flower -> using default)
[08:51:51] [Server thread/ERROR] [minecraft/ChunkSerializer]: Recoverable errors when loading section [3, 5, 16]: (Unknown registry key in ResourceKey[minecraft:root / minecraft:block]: minecraft:tall_dry_grass -> using default); (Unknown registry key in ResourceKey[minecraft:root / minecraft:block]: minecraft:short_dry_grass -> using default)
[08:51:51] [Server thread/ERROR] [minecraft/ChunkSerializer]: Recoverable errors when loading section [4, 5, 15]: (Unknown registry key in ResourceKey[minecraft:root / minecraft:block]: minecraft:short_dry_grass -> using default); (Unknown registry key in ResourceKey[minecraft:root / minecraft:block]: minecraft:tall_dry_grass -> using default)
[08:51:51] [Server thread/ERROR] [minecraft/ChunkSerializer]: Recoverable errors when loading section [3, 5, 15]: (Unknown registry key in ResourceKey[minecraft:root / minecraft:block]: minecraft:tall_dry_grass -> using default); (Unknown registry key in ResourceKey[minecraft:root / minecraft:block]: minecraft:short_dry_grass -> using default)
[08:51:51] [Server thread/ERROR] [minecraft/ChunkSerializer]: Recoverable errors when loading section [3, 5, 17]: (Unknown registry key in ResourceKey[minecraft:root / minecraft:block]: minecraft:tall_dry_grass -> using default)
[08:51:51] [Server thread/ERROR] [minecraft/ChunkSerializer]: Recoverable errors when loading section [4, 4, 12]: (Unknown registry key in ResourceKey[minecraft:root / minecraft:block]: minecraft:short_dry_grass -> using default)
[08:51:51] [Server thread/ERROR] [minecraft/ChunkSerializer]: Recoverable errors when loading section [4, 4, 14]: (Unknown registry key in ResourceKey[minecraft:root / minecraft:block]: minecraft:tall_dry_grass -> using default); (Unknown registry key in ResourceKey[minecraft:root / minecraft:block]: minecraft:short_dry_grass -> using default)
[08:51:51] [Server thread/ERROR] [minecraft/ChunkSerializer]: Recoverable errors when loading section [4, 5, 16]: (Unknown registry key in ResourceKey[minecraft:root / minecraft:block]: minecraft:short_dry_grass -> using default); (Unknown registry key in ResourceKey[minecraft:root / minecraft:block]: minecraft:tall_dry_grass -> using default)
[08:51:51] [Render thread/INFO] [co.sa.pa.Packwork/]: [autoshot] hovering gui (248,244) -> window (496,488)
[08:51:52] [Render thread/INFO] [co.sa.pa.Packwork/]: [autoshot] hovering gui (266,244) -> window (532,488)
[08:51:52] [Render thread/INFO] [co.sa.pa.Packwork/]: [autoshot] hovering gui (284,244) -> window (568,488)
[08:51:52] [Render thread/INFO] [co.sa.pa.Packwork/]: [autoshot] hovering gui (302,244) -> window (604,488)
[08:51:52] [Render thread/INFO] [co.sa.pa.Packwork/]: [autoshot] hovering gui (320,244) -> window (640,488)
[08:51:53] [Render thread/INFO] [co.sa.pa.Packwork/]: [autoshot] hovering gui (338,244) -> window (676,488)
[08:51:53] [Render thread/INFO] [co.sa.pa.Packwork/]: [autoshot] hovering gui (356,244) -> window (712,488)
[08:51:53] [Render thread/INFO] [co.sa.pa.Packwork/]: [autoshot] hovering gui (374,244) -> window (748,488)
[08:51:54] [Render thread/INFO] [co.sa.pa.Packwork/]: [autoshot] hovering gui (392,244) -> window (784,488)
[08:51:54] [Render thread/INFO] [co.sa.pa.Packwork/]: [autoshot] hovering gui (248,262) -> window (496,524)
[08:51:54] [Render thread/INFO] [co.sa.pa.Packwork/]: [autoshot] hovering gui (266,262) -> window (532,524)
[08:51:54] [Render thread/INFO] [co.sa.pa.Packwork/]: [gifshot] 120 frames
[08:51:54] [Render thread/INFO] [co.sa.pa.Packwork/]: [autoshot] hovering gui (284,262) -> window (568,524)
[08:51:55] [Render thread/INFO] [co.sa.pa.Packwork/]: [autoshot] hovering gui (302,262) -> window (604,524)
[08:51:55] [Render thread/INFO] [co.sa.pa.Packwork/]: [autoshot] hovering gui (320,262) -> window (640,524)
[08:51:55] [Render thread/INFO] [co.sa.pa.Packwork/]: [autoshot] hovering gui (338,262) -> window (676,524)
[08:51:55] [Render thread/INFO] [co.sa.pa.Packwork/]: [autoshot] hovering gui (356,262) -> window (712,524)
[08:51:56] [Render thread/INFO] [co.sa.pa.Packwork/]: [autoshot] hovering gui (374,262) -> window (748,524)
[08:51:56] [Render thread/INFO] [co.sa.pa.Packwork/]: [autoshot] hovering gui (392,262) -> window (784,524)
[08:51:58] [Render thread/INFO] [co.sa.pa.Packwork/]: [gifshot] 160 frames
[08:51:58] [Render thread/INFO] [co.sa.pa.Packwork/]: [autoshot] hovering gui (219,94) -> window (438,188)
[08:51:59] [Render thread/INFO] [co.sa.pa.Packwork/]: [autoshot] hovering gui (392,192) -> window (784,384)
[08:52:01] [Render thread/INFO] [co.sa.pa.Packwork/]: [gifshot] 200 frames
[08:52:02] [Render thread/INFO] [co.sa.pa.Packwork/]: [autoshot] hovering gui (221,169) -> window (442,338)
[08:52:02] [Render thread/INFO] [co.sa.pa.Packwork/]: [autoshot] hovering gui (392,192) -> window (784,384)
[08:52:04] [Render thread/INFO] [co.sa.pa.Packwork/]: [gifshot] 240 frames
[08:52:05] [Render thread/INFO] [co.sa.pa.Packwork/]: [autoshot] hovering gui (221,94) -> window (442,188)
[08:52:05] [Render thread/INFO] [co.sa.pa.Packwork/]: [autoshot] hovering gui (248,102) -> window (496,204)
[08:52:06] [Render thread/INFO] [co.sa.pa.Packwork/]: [autoshot] hovering gui (221,169) -> window (442,338)
[08:52:06] [Render thread/INFO] [co.sa.pa.Packwork/]: [gifshot] 280 frames
[08:52:07] [Render thread/INFO] [co.sa.pa.Packwork/]: [autoshot] hovering gui (320,102) -> window (640,204)
[08:52:08] [Render thread/INFO] [co.sa.pa.Packwork/]: [autoshot] hovering gui (392,192) -> window (784,384)
[08:52:09] [Render thread/INFO] [co.sa.pa.Packwork/]: [gifshot] 320 frames
[08:52:12] [Render thread/INFO] [co.sa.pa.Packwork/]: [gifshot] 360 frames
[08:52:15] [Render thread/INFO] [co.sa.pa.Packwork/]: [gifshot] 400 frames
[08:52:15] [Render thread/INFO] [co.sa.pa.Packwork/]: [gifshot] done - 400 frames in .\screenshots\gifshot

> Task :runClient FAILED

FAILURE: Build failed with an exception.

* What went wrong:
Execution failed for task ':runClient' (registered by plugin class 'net.neoforged.gradle.common.CommonProjectPlugin').
> Process 'command 'C:\Program Files\Java\jdk-21.0.11\bin\java.exe'' finished with non-zero exit value -1 (NTSTATUS 0xFFFFFFFF)

* Try:
> Run with --stacktrace option to get the stack trace.
> Run with --info or --debug option to get more log output.
> Run with --scan to get full insights from a Build Scan (powered by Develocity).
> Get more help at https://help.gradle.org.

BUILD FAILED in 3m 6s
28 actionable tasks: 1 executed, 27 up-to-date
Configuration cache entry reused.
EXIT=1
